Archive member included because of file (symbol)

c:/iti folder/imt_sdk_win_64/winavr/bin/../lib/gcc/avr/4.3.3/avr5\libgcc.a(_mulsi3.o)
                              ./APP/app.o (__mulsi3)
c:/iti folder/imt_sdk_win_64/winavr/bin/../lib/gcc/avr/4.3.3/avr5\libgcc.a(_divmodhi4.o)
                              ./MCAL/pwm/PWM_Source.o (__divmodhi4)
c:/iti folder/imt_sdk_win_64/winavr/bin/../lib/gcc/avr/4.3.3/avr5\libgcc.a(_udivmodsi4.o)
                              ./MCAL/UART/MUART_Source.o (__udivmodsi4)
c:/iti folder/imt_sdk_win_64/winavr/bin/../lib/gcc/avr/4.3.3/avr5\libgcc.a(_exit.o)
                              c:/iti folder/imt_sdk_win_64/winavr/bin/../lib/gcc/avr/4.3.3/../../../../avr/lib/avr5/crtm32.o (exit)
c:/iti folder/imt_sdk_win_64/winavr/bin/../lib/gcc/avr/4.3.3/avr5\libgcc.a(_copy_data.o)
                              ./MCAL/UART/MUART_Config.o (__do_copy_data)
c:/iti folder/imt_sdk_win_64/winavr/bin/../lib/gcc/avr/4.3.3/avr5\libgcc.a(_clear_bss.o)
                              ./MCAL/pwm/PWM_Source.o (__do_clear_bss)
c:/iti folder/imt_sdk_win_64/winavr/bin/../lib/gcc/avr/4.3.3/avr5\libgcc.a(_fixunssfsi.o)
                              ./MCAL/Timer/Timer_Source.o (__fixunssfsi)
c:/iti folder/imt_sdk_win_64/winavr/bin/../lib/gcc/avr/4.3.3/avr5\libgcc.a(_addsub_sf.o)
                              c:/iti folder/imt_sdk_win_64/winavr/bin/../lib/gcc/avr/4.3.3/avr5\libgcc.a(_fixunssfsi.o) (__subsf3)
c:/iti folder/imt_sdk_win_64/winavr/bin/../lib/gcc/avr/4.3.3/avr5\libgcc.a(_mul_sf.o)
                              ./HAL/KEYPAD_V2/keypad_src_v2.o (__mulsf3)
c:/iti folder/imt_sdk_win_64/winavr/bin/../lib/gcc/avr/4.3.3/avr5\libgcc.a(_div_sf.o)
                              ./MCAL/Timer/Timer_Source.o (__divsf3)
c:/iti folder/imt_sdk_win_64/winavr/bin/../lib/gcc/avr/4.3.3/avr5\libgcc.a(_gt_sf.o)
                              ./HAL/KEYPAD_V2/keypad_src_v2.o (__gtsf2)
c:/iti folder/imt_sdk_win_64/winavr/bin/../lib/gcc/avr/4.3.3/avr5\libgcc.a(_ge_sf.o)
                              c:/iti folder/imt_sdk_win_64/winavr/bin/../lib/gcc/avr/4.3.3/avr5\libgcc.a(_fixunssfsi.o) (__gesf2)
c:/iti folder/imt_sdk_win_64/winavr/bin/../lib/gcc/avr/4.3.3/avr5\libgcc.a(_lt_sf.o)
                              ./HAL/KEYPAD_V2/keypad_src_v2.o (__ltsf2)
c:/iti folder/imt_sdk_win_64/winavr/bin/../lib/gcc/avr/4.3.3/avr5\libgcc.a(_sf_to_si.o)
                              c:/iti folder/imt_sdk_win_64/winavr/bin/../lib/gcc/avr/4.3.3/avr5\libgcc.a(_fixunssfsi.o) (__fixsfsi)
c:/iti folder/imt_sdk_win_64/winavr/bin/../lib/gcc/avr/4.3.3/avr5\libgcc.a(_thenan_sf.o)
                              c:/iti folder/imt_sdk_win_64/winavr/bin/../lib/gcc/avr/4.3.3/avr5\libgcc.a(_addsub_sf.o) (__thenan_sf)
c:/iti folder/imt_sdk_win_64/winavr/bin/../lib/gcc/avr/4.3.3/avr5\libgcc.a(_usi_to_sf.o)
                              ./MCAL/Timer/Timer_Source.o (__floatunsisf)
c:/iti folder/imt_sdk_win_64/winavr/bin/../lib/gcc/avr/4.3.3/avr5\libgcc.a(_udivmodhi4.o)
                              c:/iti folder/imt_sdk_win_64/winavr/bin/../lib/gcc/avr/4.3.3/avr5\libgcc.a(_divmodhi4.o) (__udivmodhi4)
c:/iti folder/imt_sdk_win_64/winavr/bin/../lib/gcc/avr/4.3.3/avr5\libgcc.a(_prologue.o)
                              c:/iti folder/imt_sdk_win_64/winavr/bin/../lib/gcc/avr/4.3.3/avr5\libgcc.a(_addsub_sf.o) (__prologue_saves__)
c:/iti folder/imt_sdk_win_64/winavr/bin/../lib/gcc/avr/4.3.3/avr5\libgcc.a(_epilogue.o)
                              c:/iti folder/imt_sdk_win_64/winavr/bin/../lib/gcc/avr/4.3.3/avr5\libgcc.a(_addsub_sf.o) (__epilogue_restores__)
c:/iti folder/imt_sdk_win_64/winavr/bin/../lib/gcc/avr/4.3.3/avr5\libgcc.a(_clzsi2.o)
                              c:/iti folder/imt_sdk_win_64/winavr/bin/../lib/gcc/avr/4.3.3/avr5\libgcc.a(_usi_to_sf.o) (__clzsi2)
c:/iti folder/imt_sdk_win_64/winavr/bin/../lib/gcc/avr/4.3.3/avr5\libgcc.a(_pack_sf.o)
                              c:/iti folder/imt_sdk_win_64/winavr/bin/../lib/gcc/avr/4.3.3/avr5\libgcc.a(_addsub_sf.o) (__pack_f)
c:/iti folder/imt_sdk_win_64/winavr/bin/../lib/gcc/avr/4.3.3/avr5\libgcc.a(_unpack_sf.o)
                              c:/iti folder/imt_sdk_win_64/winavr/bin/../lib/gcc/avr/4.3.3/avr5\libgcc.a(_addsub_sf.o) (__unpack_f)
c:/iti folder/imt_sdk_win_64/winavr/bin/../lib/gcc/avr/4.3.3/avr5\libgcc.a(_fpcmp_parts_sf.o)
                              c:/iti folder/imt_sdk_win_64/winavr/bin/../lib/gcc/avr/4.3.3/avr5\libgcc.a(_gt_sf.o) (__fpcmp_parts_f)
c:/iti folder/imt_sdk_win_64/winavr/bin/../lib/gcc/avr/4.3.3/avr5\libgcc.a(_clz.o)
                              c:/iti folder/imt_sdk_win_64/winavr/bin/../lib/gcc/avr/4.3.3/avr5\libgcc.a(_clzsi2.o) (__clz_tab)
c:/iti folder/imt_sdk_win_64/winavr/bin/../lib/gcc/avr/4.3.3/../../../../avr/lib/avr5\libc.a(strcmp.o)
                              ./APP/app.o (strcmp)
c:/iti folder/imt_sdk_win_64/winavr/bin/../lib/gcc/avr/4.3.3/../../../../avr/lib/avr5\libc.a(strcpy.o)
                              ./APP/app.o (strcpy)
c:/iti folder/imt_sdk_win_64/winavr/bin/../lib/gcc/avr/4.3.3/../../../../avr/lib/avr5\libc.a(sprintf.o)
                              ./HAL/HLCD/HLCD_Source.o (sprintf)
c:/iti folder/imt_sdk_win_64/winavr/bin/../lib/gcc/avr/4.3.3/../../../../avr/lib/avr5\libc.a(vfprintf_std.o)
                              c:/iti folder/imt_sdk_win_64/winavr/bin/../lib/gcc/avr/4.3.3/../../../../avr/lib/avr5\libc.a(sprintf.o) (vfprintf)
c:/iti folder/imt_sdk_win_64/winavr/bin/../lib/gcc/avr/4.3.3/../../../../avr/lib/avr5\libc.a(strnlen_P.o)
                              c:/iti folder/imt_sdk_win_64/winavr/bin/../lib/gcc/avr/4.3.3/../../../../avr/lib/avr5\libc.a(vfprintf_std.o) (strnlen_P)
c:/iti folder/imt_sdk_win_64/winavr/bin/../lib/gcc/avr/4.3.3/../../../../avr/lib/avr5\libc.a(strnlen.o)
                              c:/iti folder/imt_sdk_win_64/winavr/bin/../lib/gcc/avr/4.3.3/../../../../avr/lib/avr5\libc.a(vfprintf_std.o) (strnlen)
c:/iti folder/imt_sdk_win_64/winavr/bin/../lib/gcc/avr/4.3.3/../../../../avr/lib/avr5\libc.a(fputc.o)
                              c:/iti folder/imt_sdk_win_64/winavr/bin/../lib/gcc/avr/4.3.3/../../../../avr/lib/avr5\libc.a(vfprintf_std.o) (fputc)
c:/iti folder/imt_sdk_win_64/winavr/bin/../lib/gcc/avr/4.3.3/../../../../avr/lib/avr5\libc.a(ultoa_invert.o)
                              c:/iti folder/imt_sdk_win_64/winavr/bin/../lib/gcc/avr/4.3.3/../../../../avr/lib/avr5\libc.a(vfprintf_std.o) (__ultoa_invert)

Allocating common symbols
Common symbol       size              file

gen_PwmMode         0x1               ./MCAL/pwm/PWM_Source.o
st_dataBuffer       0x1f4             ./MCAL/SPI/SPI_Program.o
g_u8_receivedString
                    0x32              ./MCAL/SPI/SPI_Program.o
g_dataVal           0x1               ./MCAL/SPI/SPI_Program.o
receivedString      0x40              ./MCAL/UART/MUART_Source.o

Memory Configuration

Name             Origin             Length             Attributes
text             0x00000000         0x00020000         xr
data             0x00800060         0x0000ffa0         rw !x
eeprom           0x00810000         0x00010000         rw !x
fuse             0x00820000         0x00000400         rw !x
lock             0x00830000         0x00000400         rw !x
signature        0x00840000         0x00000400         rw !x
*default*        0x00000000         0xffffffff

Linker script and memory map

LOAD c:/iti folder/imt_sdk_win_64/winavr/bin/../lib/gcc/avr/4.3.3/../../../../avr/lib/avr5/crtm32.o
LOAD ./MCAL/pwm/PWM_Source.o
LOAD ./MCAL/UART/MUART_Config.o
LOAD ./MCAL/UART/MUART_Source.o
LOAD ./MCAL/Timer/Timer_Source.o
LOAD ./MCAL/SPI/SPI_Program.o
LOAD ./MCAL/IIC/MI2C_Program.o
LOAD ./MCAL/ExtInt/EXTINT_Source.o
LOAD ./MCAL/DIO/DIO_Source.o
LOAD ./HAL/LED/led.o
LOAD ./HAL/KEYPAD_V2/keypad_cfg_v2.o
LOAD ./HAL/KEYPAD_V2/keypad_src_v2.o
LOAD ./HAL/HUART/HUART_Source.o
LOAD ./HAL/HTimer/HTimer.o
LOAD ./HAL/HSPI/HSPI_Program.o
LOAD ./HAL/HLCD/HLCD_Configure.o
LOAD ./HAL/HLCD/HLCD_Source.o
LOAD ./HAL/HExtInt/HExtInt.o
LOAD ./HAL/EEPROM/HEEPROM_Program.o
LOAD ./HAL/Button/button.o
LOAD ./APP/app.o
LOAD ./main.o
LOAD c:/iti folder/imt_sdk_win_64/winavr/bin/../lib/gcc/avr/4.3.3/avr5\libgcc.a
LOAD c:/iti folder/imt_sdk_win_64/winavr/bin/../lib/gcc/avr/4.3.3/../../../../avr/lib/avr5\libc.a
LOAD c:/iti folder/imt_sdk_win_64/winavr/bin/../lib/gcc/avr/4.3.3/avr5\libgcc.a

.hash
 *(.hash)

.dynsym
 *(.dynsym)

.dynstr
 *(.dynstr)

.gnu.version
 *(.gnu.version)

.gnu.version_d
 *(.gnu.version_d)

.gnu.version_r
 *(.gnu.version_r)

.rel.init
 *(.rel.init)

.rela.init
 *(.rela.init)

.rel.text
 *(.rel.text)
 *(.rel.text.*)
 *(.rel.gnu.linkonce.t*)

.rela.text
 *(.rela.text)
 *(.rela.text.*)
 *(.rela.gnu.linkonce.t*)

.rel.fini
 *(.rel.fini)

.rela.fini
 *(.rela.fini)

.rel.rodata
 *(.rel.rodata)
 *(.rel.rodata.*)
 *(.rel.gnu.linkonce.r*)

.rela.rodata
 *(.rela.rodata)
 *(.rela.rodata.*)
 *(.rela.gnu.linkonce.r*)

.rel.data
 *(.rel.data)
 *(.rel.data.*)
 *(.rel.gnu.linkonce.d*)

.rela.data
 *(.rela.data)
 *(.rela.data.*)
 *(.rela.gnu.linkonce.d*)

.rel.ctors
 *(.rel.ctors)

.rela.ctors
 *(.rela.ctors)

.rel.dtors
 *(.rel.dtors)

.rela.dtors
 *(.rela.dtors)

.rel.got
 *(.rel.got)

.rela.got
 *(.rela.got)

.rel.bss
 *(.rel.bss)

.rela.bss
 *(.rela.bss)

.rel.plt
 *(.rel.plt)

.rela.plt
 *(.rela.plt)

.text           0x00000000     0x65ca
 *(.vectors)
 .vectors       0x00000000       0x54 c:/iti folder/imt_sdk_win_64/winavr/bin/../lib/gcc/avr/4.3.3/../../../../avr/lib/avr5/crtm32.o
                0x00000000                __vectors
                0x00000000                __vector_default
 *(.vectors)
 *(.progmem.gcc*)
 *(.progmem*)
                0x00000054                . = ALIGN (0x2)
                0x00000054                __trampolines_start = .
 *(.trampolines)
 .trampolines   0x00000054        0x0 linker stubs
 *(.trampolines*)
                0x00000054                __trampolines_end = .
 *(.jumptables)
 *(.jumptables*)
 *(.lowtext)
 *(.lowtext*)
                0x00000054                __ctors_start = .
 *(.ctors)
                0x00000054                __ctors_end = .
                0x00000054                __dtors_start = .
 *(.dtors)
                0x00000054                __dtors_end = .
 SORT(*)(.ctors)
 SORT(*)(.dtors)
 *(.init0)
 .init0         0x00000054        0x0 c:/iti folder/imt_sdk_win_64/winavr/bin/../lib/gcc/avr/4.3.3/../../../../avr/lib/avr5/crtm32.o
                0x00000054                __init
 *(.init0)
 *(.init1)
 *(.init1)
 *(.init2)
 .init2         0x00000054        0xc c:/iti folder/imt_sdk_win_64/winavr/bin/../lib/gcc/avr/4.3.3/../../../../avr/lib/avr5/crtm32.o
 *(.init2)
 *(.init3)
 *(.init3)
 *(.init4)
 .init4         0x00000060       0x16 c:/iti folder/imt_sdk_win_64/winavr/bin/../lib/gcc/avr/4.3.3/avr5\libgcc.a(_copy_data.o)
                0x00000060                __do_copy_data
 .init4         0x00000076       0x10 c:/iti folder/imt_sdk_win_64/winavr/bin/../lib/gcc/avr/4.3.3/avr5\libgcc.a(_clear_bss.o)
                0x00000076                __do_clear_bss
 *(.init4)
 *(.init5)
 *(.init5)
 *(.init6)
 *(.init6)
 *(.init7)
 *(.init7)
 *(.init8)
 *(.init8)
 *(.init9)
 .init9         0x00000086        0x8 c:/iti folder/imt_sdk_win_64/winavr/bin/../lib/gcc/avr/4.3.3/../../../../avr/lib/avr5/crtm32.o
 *(.init9)
 *(.text)
 .text          0x0000008e        0x4 c:/iti folder/imt_sdk_win_64/winavr/bin/../lib/gcc/avr/4.3.3/../../../../avr/lib/avr5/crtm32.o
                0x0000008e                __bad_interrupt
                0x0000008e                __vector_6
                0x0000008e                __vector_17
                0x0000008e                __vector_19
                0x0000008e                __vector_7
                0x0000008e                __vector_4
                0x0000008e                __vector_9
                0x0000008e                __vector_15
                0x0000008e                __vector_8
                0x0000008e                __vector_14
                0x0000008e                __vector_10
                0x0000008e                __vector_16
                0x0000008e                __vector_18
                0x0000008e                __vector_20
 .text          0x00000092        0x0 ./MCAL/pwm/PWM_Source.o
 .text          0x00000092        0x0 ./MCAL/UART/MUART_Config.o
 .text          0x00000092        0x0 ./MCAL/UART/MUART_Source.o
 .text          0x00000092        0x0 ./MCAL/Timer/Timer_Source.o
 .text          0x00000092        0x0 ./MCAL/SPI/SPI_Program.o
 .text          0x00000092        0x0 ./MCAL/IIC/MI2C_Program.o
 .text          0x00000092        0x0 ./MCAL/ExtInt/EXTINT_Source.o
 .text          0x00000092        0x0 ./MCAL/DIO/DIO_Source.o
 .text          0x00000092        0x0 ./HAL/LED/led.o
 .text          0x00000092        0x0 ./HAL/KEYPAD_V2/keypad_cfg_v2.o
 .text          0x00000092        0x0 ./HAL/KEYPAD_V2/keypad_src_v2.o
 .text          0x00000092        0x0 ./HAL/HUART/HUART_Source.o
 .text          0x00000092        0x0 ./HAL/HTimer/HTimer.o
 .text          0x00000092        0x0 ./HAL/HSPI/HSPI_Program.o
 .text          0x00000092        0x0 ./HAL/HLCD/HLCD_Configure.o
 .text          0x00000092        0x0 ./HAL/HLCD/HLCD_Source.o
 .text          0x00000092        0x0 ./HAL/HExtInt/HExtInt.o
 .text          0x00000092        0x0 ./HAL/EEPROM/HEEPROM_Program.o
 .text          0x00000092        0x0 ./HAL/Button/button.o
 .text          0x00000092        0x0 ./APP/app.o
 .text          0x00000092        0x0 ./main.o
 .text          0x00000092        0x0 c:/iti folder/imt_sdk_win_64/winavr/bin/../lib/gcc/avr/4.3.3/avr5\libgcc.a(_mulsi3.o)
 .text          0x00000092        0x0 c:/iti folder/imt_sdk_win_64/winavr/bin/../lib/gcc/avr/4.3.3/avr5\libgcc.a(_divmodhi4.o)
 .text          0x00000092        0x0 c:/iti folder/imt_sdk_win_64/winavr/bin/../lib/gcc/avr/4.3.3/avr5\libgcc.a(_udivmodsi4.o)
 .text          0x00000092        0x0 c:/iti folder/imt_sdk_win_64/winavr/bin/../lib/gcc/avr/4.3.3/avr5\libgcc.a(_exit.o)
 .text          0x00000092        0x0 c:/iti folder/imt_sdk_win_64/winavr/bin/../lib/gcc/avr/4.3.3/avr5\libgcc.a(_copy_data.o)
 .text          0x00000092        0x0 c:/iti folder/imt_sdk_win_64/winavr/bin/../lib/gcc/avr/4.3.3/avr5\libgcc.a(_clear_bss.o)
 .text          0x00000092       0x58 c:/iti folder/imt_sdk_win_64/winavr/bin/../lib/gcc/avr/4.3.3/avr5\libgcc.a(_fixunssfsi.o)
                0x00000092                __fixunssfsi
 .text          0x000000ea      0x354 c:/iti folder/imt_sdk_win_64/winavr/bin/../lib/gcc/avr/4.3.3/avr5\libgcc.a(_addsub_sf.o)
                0x00000382                __subsf3
                0x000003e4                __addsf3
 .text          0x0000043e      0x1f4 c:/iti folder/imt_sdk_win_64/winavr/bin/../lib/gcc/avr/4.3.3/avr5\libgcc.a(_mul_sf.o)
                0x0000043e                __mulsf3
 .text          0x00000632      0x158 c:/iti folder/imt_sdk_win_64/winavr/bin/../lib/gcc/avr/4.3.3/avr5\libgcc.a(_div_sf.o)
                0x00000632                __divsf3
 .text          0x0000078a       0x60 c:/iti folder/imt_sdk_win_64/winavr/bin/../lib/gcc/avr/4.3.3/avr5\libgcc.a(_gt_sf.o)
                0x0000078a                __gtsf2
 .text          0x000007ea       0x60 c:/iti folder/imt_sdk_win_64/winavr/bin/../lib/gcc/avr/4.3.3/avr5\libgcc.a(_ge_sf.o)
                0x000007ea                __gesf2
 .text          0x0000084a       0x60 c:/iti folder/imt_sdk_win_64/winavr/bin/../lib/gcc/avr/4.3.3/avr5\libgcc.a(_lt_sf.o)
                0x0000084a                __ltsf2
 .text          0x000008aa       0xa8 c:/iti folder/imt_sdk_win_64/winavr/bin/../lib/gcc/avr/4.3.3/avr5\libgcc.a(_sf_to_si.o)
                0x000008aa                __fixsfsi
 .text          0x00000952        0x0 c:/iti folder/imt_sdk_win_64/winavr/bin/../lib/gcc/avr/4.3.3/avr5\libgcc.a(_thenan_sf.o)
 .text          0x00000952       0xf2 c:/iti folder/imt_sdk_win_64/winavr/bin/../lib/gcc/avr/4.3.3/avr5\libgcc.a(_usi_to_sf.o)
                0x00000952                __floatunsisf
 .text          0x00000a44        0x0 c:/iti folder/imt_sdk_win_64/winavr/bin/../lib/gcc/avr/4.3.3/avr5\libgcc.a(_udivmodhi4.o)
 .text          0x00000a44        0x0 c:/iti folder/imt_sdk_win_64/winavr/bin/../lib/gcc/avr/4.3.3/avr5\libgcc.a(_prologue.o)
 .text          0x00000a44        0x0 c:/iti folder/imt_sdk_win_64/winavr/bin/../lib/gcc/avr/4.3.3/avr5\libgcc.a(_epilogue.o)
 .text          0x00000a44       0x9e c:/iti folder/imt_sdk_win_64/winavr/bin/../lib/gcc/avr/4.3.3/avr5\libgcc.a(_clzsi2.o)
                0x00000a44                __clzsi2
 .text          0x00000ae2      0x1aa c:/iti folder/imt_sdk_win_64/winavr/bin/../lib/gcc/avr/4.3.3/avr5\libgcc.a(_pack_sf.o)
                0x00000ae2                __pack_f
 .text          0x00000c8c       0xf0 c:/iti folder/imt_sdk_win_64/winavr/bin/../lib/gcc/avr/4.3.3/avr5\libgcc.a(_unpack_sf.o)
                0x00000c8c                __unpack_f
 .text          0x00000d7c       0xb2 c:/iti folder/imt_sdk_win_64/winavr/bin/../lib/gcc/avr/4.3.3/avr5\libgcc.a(_fpcmp_parts_sf.o)
                0x00000d7c                __fpcmp_parts_f
 .text          0x00000e2e        0x0 c:/iti folder/imt_sdk_win_64/winavr/bin/../lib/gcc/avr/4.3.3/avr5\libgcc.a(_clz.o)
 .text          0x00000e2e        0x0 c:/iti folder/imt_sdk_win_64/winavr/bin/../lib/gcc/avr/4.3.3/../../../../avr/lib/avr5\libc.a(strcmp.o)
 .text          0x00000e2e        0x0 c:/iti folder/imt_sdk_win_64/winavr/bin/../lib/gcc/avr/4.3.3/../../../../avr/lib/avr5\libc.a(strcpy.o)
 .text          0x00000e2e        0x0 c:/iti folder/imt_sdk_win_64/winavr/bin/../lib/gcc/avr/4.3.3/../../../../avr/lib/avr5\libc.a(sprintf.o)
 .text          0x00000e2e        0x0 c:/iti folder/imt_sdk_win_64/winavr/bin/../lib/gcc/avr/4.3.3/../../../../avr/lib/avr5\libc.a(vfprintf_std.o)
 .text          0x00000e2e        0x0 c:/iti folder/imt_sdk_win_64/winavr/bin/../lib/gcc/avr/4.3.3/../../../../avr/lib/avr5\libc.a(strnlen_P.o)
 .text          0x00000e2e        0x0 c:/iti folder/imt_sdk_win_64/winavr/bin/../lib/gcc/avr/4.3.3/../../../../avr/lib/avr5\libc.a(strnlen.o)
 .text          0x00000e2e        0x0 c:/iti folder/imt_sdk_win_64/winavr/bin/../lib/gcc/avr/4.3.3/../../../../avr/lib/avr5\libc.a(fputc.o)
 .text          0x00000e2e        0x0 c:/iti folder/imt_sdk_win_64/winavr/bin/../lib/gcc/avr/4.3.3/../../../../avr/lib/avr5\libc.a(ultoa_invert.o)
                0x00000e2e                . = ALIGN (0x2)
 *(.text.*)
 .text.Timer1_enuInit
                0x00000e2e      0x47a ./MCAL/pwm/PWM_Source.o
                0x00000e2e                Timer1_enuInit
 .text.Timer1_enuSetPrescallar
                0x000012a8       0x48 ./MCAL/pwm/PWM_Source.o
                0x000012a8                Timer1_enuSetPrescallar
 .text.Timer1_enuFastPWMInit
                0x000012f0       0x60 ./MCAL/pwm/PWM_Source.o
                0x000012f0                Timer1_enuFastPWMInit
 .text.Timer1_enuPWMGenerate
                0x00001350       0xca ./MCAL/pwm/PWM_Source.o
                0x00001350                Timer1_enuPWMGenerate
 .text.Timer2_enuInit
                0x0000141a       0xee ./MCAL/pwm/PWM_Source.o
                0x0000141a                Timer2_enuInit
 .text.Timer2_enuSetPrescallar
                0x00001508       0x48 ./MCAL/pwm/PWM_Source.o
                0x00001508                Timer2_enuSetPrescallar
 .text.Timer2_enuFastPWMInit
                0x00001550       0x5a ./MCAL/pwm/PWM_Source.o
                0x00001550                Timer2_enuFastPWMInit
 .text.Timer2_enuPWMGenerate
                0x000015aa       0x4a ./MCAL/pwm/PWM_Source.o
                0x000015aa                Timer2_enuPWMGenerate
 .text.__vector_13
                0x000015f4       0xaa ./MCAL/UART/MUART_Source.o
                0x000015f4                __vector_13
 .text.MUART_enInit
                0x0000169e      0x1b6 ./MCAL/UART/MUART_Source.o
                0x0000169e                MUART_enInit
 .text.MUART_enSendData
                0x00001854       0x54 ./MCAL/UART/MUART_Source.o
                0x00001854                MUART_enSendData
 .text.MUART_enRecieveData
                0x000018a8       0x56 ./MCAL/UART/MUART_Source.o
                0x000018a8                MUART_enRecieveData
 .text.MUART_sendSTRING
                0x000018fe       0x38 ./MCAL/UART/MUART_Source.o
                0x000018fe                MUART_sendSTRING
 .text.MUART_receiveSTRING
                0x00001936       0x90 ./MCAL/UART/MUART_Source.o
                0x00001936                MUART_receiveSTRING
 .text.enuTimer2_init
                0x000019c6       0xec ./MCAL/Timer/Timer_Source.o
                0x000019c6                enuTimer2_init
 .text.u8Timer2_setPrescallar
                0x00001ab2       0x60 ./MCAL/Timer/Timer_Source.o
                0x00001ab2                u8Timer2_setPrescallar
 .text.vidTimer2_OvfIrqEnable
                0x00001b12       0x34 ./MCAL/Timer/Timer_Source.o
                0x00001b12                vidTimer2_OvfIrqEnable
 .text.vidTimer2_OvfIrqDisable
                0x00001b46       0x26 ./MCAL/Timer/Timer_Source.o
                0x00001b46                vidTimer2_OvfIrqDisable
 .text.vidTimer2_start
                0x00001b6c       0x30 ./MCAL/Timer/Timer_Source.o
                0x00001b6c                vidTimer2_start
 .text.vidTimer2_stop
                0x00001b9c       0x2a ./MCAL/Timer/Timer_Source.o
                0x00001b9c                vidTimer2_stop
 .text.u8Timer2_setTime_ms
                0x00001bc6      0x194 ./MCAL/Timer/Timer_Source.o
                0x00001bc6                u8Timer2_setTime_ms
 .text.MTIMER2_vidSynch
                0x00001d5a       0x4e ./MCAL/Timer/Timer_Source.o
                0x00001d5a                MTIMER2_vidSynch
 .text.vidTimer2_setcbf_OVF
                0x00001da8       0x2c ./MCAL/Timer/Timer_Source.o
                0x00001da8                vidTimer2_setcbf_OVF
 .text.MTIMER_vidResetTCNT
                0x00001dd4       0x14 ./MCAL/Timer/Timer_Source.o
                0x00001dd4                MTIMER_vidResetTCNT
 .text.MTIMER_u8GetTCNT
                0x00001de8       0x14 ./MCAL/Timer/Timer_Source.o
                0x00001de8                MTIMER_u8GetTCNT
 .text.GPT0_vidOvfInit
                0x00001dfc       0x30 ./MCAL/Timer/Timer_Source.o
                0x00001dfc                GPT0_vidOvfInit
 .text.GPT0_enuSetPrescallar
                0x00001e2c       0x60 ./MCAL/Timer/Timer_Source.o
                0x00001e2c                GPT0_enuSetPrescallar
 .text.GPT0_vidOvfIrqEnable
                0x00001e8c       0x2a ./MCAL/Timer/Timer_Source.o
                0x00001e8c                GPT0_vidOvfIrqEnable
 .text.GPT0_vidStart
                0x00001eb6       0x26 ./MCAL/Timer/Timer_Source.o
                0x00001eb6                GPT0_vidStart
 .text.GPT0_vidStop
                0x00001edc       0x2e ./MCAL/Timer/Timer_Source.o
                0x00001edc                GPT0_vidStop
 .text.GPT0_enuSetTime_ms
                0x00001f0a      0x194 ./MCAL/Timer/Timer_Source.o
                0x00001f0a                GPT0_enuSetTime_ms
 .text.GPT0_vidSetCbfOvf
                0x0000209e       0x2c ./MCAL/Timer/Timer_Source.o
                0x0000209e                GPT0_vidSetCbfOvf
 .text.__vector_5
                0x000020ca       0x80 ./MCAL/Timer/Timer_Source.o
                0x000020ca                __vector_5
 .text.__vector_11
                0x0000214a       0x70 ./MCAL/Timer/Timer_Source.o
                0x0000214a                __vector_11
 .text.MSPI_enMasterInit
                0x000021ba      0x252 ./MCAL/SPI/SPI_Program.o
                0x000021ba                MSPI_enMasterInit
 .text.MSPI_enSlaveInit
                0x0000240c       0x74 ./MCAL/SPI/SPI_Program.o
                0x0000240c                MSPI_enSlaveInit
 .text.MSPI_vidTransmitChar
                0x00002480       0x30 ./MCAL/SPI/SPI_Program.o
                0x00002480                MSPI_vidTransmitChar
 .text.MSPI_enReceiveChar
                0x000024b0       0x44 ./MCAL/SPI/SPI_Program.o
                0x000024b0                MSPI_enReceiveChar
 .text.MSPI_enReceiveString
                0x000024f4       0xce ./MCAL/SPI/SPI_Program.o
                0x000024f4                MSPI_enReceiveString
 .text.__vector_12
                0x000025c2       0xee ./MCAL/SPI/SPI_Program.o
                0x000025c2                __vector_12
 .text.i2c_init_master
                0x000026b0       0x48 ./MCAL/IIC/MI2C_Program.o
                0x000026b0                i2c_init_master
 .text.i2c_init_slave
                0x000026f8       0x24 ./MCAL/IIC/MI2C_Program.o
                0x000026f8                i2c_init_slave
 .text.i2c_start
                0x0000271c       0x34 ./MCAL/IIC/MI2C_Program.o
                0x0000271c                i2c_start
 .text.i2c_repeated_start
                0x00002750       0x34 ./MCAL/IIC/MI2C_Program.o
                0x00002750                i2c_repeated_start
 .text.i2c_send_slave_address_with_write_req
                0x00002784       0x52 ./MCAL/IIC/MI2C_Program.o
                0x00002784                i2c_send_slave_address_with_write_req
 .text.i2c_send_slave_address_with_read_req
                0x000027d6       0x3e ./MCAL/IIC/MI2C_Program.o
                0x000027d6                i2c_send_slave_address_with_read_req
 .text.i2c_write_byte
                0x00002814       0x56 ./MCAL/IIC/MI2C_Program.o
                0x00002814                i2c_write_byte
 .text.i2c_read_byte
                0x0000286a       0x26 ./MCAL/IIC/MI2C_Program.o
                0x0000286a                i2c_read_byte
 .text.i2c_stop
                0x00002890       0x4a ./MCAL/IIC/MI2C_Program.o
                0x00002890                i2c_stop
 .text.i2c_slave_check_slave_address_received_with_write_req
                0x000028da       0x56 ./MCAL/IIC/MI2C_Program.o
                0x000028da                i2c_slave_check_slave_address_received_with_write_req
 .text.i2c_slave_check_slave_address_received_with_read_req
                0x00002930       0x56 ./MCAL/IIC/MI2C_Program.o
                0x00002930                i2c_slave_check_slave_address_received_with_read_req
 .text.i2c_slave_read_byte
                0x00002986       0x5c ./MCAL/IIC/MI2C_Program.o
                0x00002986                i2c_slave_read_byte
 .text.i2c_slave_write_byte
                0x000029e2       0x64 ./MCAL/IIC/MI2C_Program.o
                0x000029e2                i2c_slave_write_byte
 .text.vidExtInt_init
                0x00002a46      0x264 ./MCAL/ExtInt/EXTINT_Source.o
                0x00002a46                vidExtInt_init
 .text.MEXTINT_vidCallBackFunc
                0x00002caa       0x24 ./MCAL/ExtInt/EXTINT_Source.o
                0x00002caa                MEXTINT_vidCallBackFunc
 .text.MEXTINT_vidCallBackFuncInt1
                0x00002cce       0x24 ./MCAL/ExtInt/EXTINT_Source.o
                0x00002cce                MEXTINT_vidCallBackFuncInt1
 .text.MEXTINT_vidCallBackFuncInt2
                0x00002cf2       0x2c ./MCAL/ExtInt/EXTINT_Source.o
                0x00002cf2                MEXTINT_vidCallBackFuncInt2
 .text.MEXTINT_vidWaitFlag
                0x00002d1e       0x28 ./MCAL/ExtInt/EXTINT_Source.o
                0x00002d1e                MEXTINT_vidWaitFlag
 .text.MEXTINT_vidDisableInterrupt
                0x00002d46       0x1c ./MCAL/ExtInt/EXTINT_Source.o
                0x00002d46                MEXTINT_vidDisableInterrupt
 .text.MEXTINT_vidEnableInterrupt
                0x00002d62       0x2a ./MCAL/ExtInt/EXTINT_Source.o
                0x00002d62                MEXTINT_vidEnableInterrupt
 .text.__vector_1
                0x00002d8c       0x5a ./MCAL/ExtInt/EXTINT_Source.o
                0x00002d8c                __vector_1
 .text.__vector_2
                0x00002de6       0x5a ./MCAL/ExtInt/EXTINT_Source.o
                0x00002de6                __vector_2
 .text.__vector_3
                0x00002e40       0x5a ./MCAL/ExtInt/EXTINT_Source.o
                0x00002e40                __vector_3
 .text.DIO_s8SETPortDir
                0x00002e9a       0x72 ./MCAL/DIO/DIO_Source.o
                0x00002e9a                DIO_s8SETPortDir
 .text.DIO_s8SETPortVal
                0x00002f0c       0x46 ./MCAL/DIO/DIO_Source.o
                0x00002f0c                DIO_s8SETPortVal
 .text.DIO_s8GETPortVal
                0x00002f52       0x4e ./MCAL/DIO/DIO_Source.o
                0x00002f52                DIO_s8GETPortVal
 .text.DIO_s8SETPinDir
                0x00002fa0       0xec ./MCAL/DIO/DIO_Source.o
                0x00002fa0                DIO_s8SETPinDir
 .text.DIO_s8SETPinVal
                0x0000308c       0xec ./MCAL/DIO/DIO_Source.o
                0x0000308c                DIO_s8SETPinVal
 .text.DIO_s8TOGPinVal
                0x00003178       0x84 ./MCAL/DIO/DIO_Source.o
                0x00003178                DIO_s8TOGPinVal
 .text.DIO_s8GETPinVal
                0x000031fc       0x7e ./MCAL/DIO/DIO_Source.o
                0x000031fc                DIO_s8GETPinVal
 .text.HLed_Init
                0x0000327a       0x2e ./HAL/LED/led.o
                0x0000327a                HLed_Init
 .text.HLed_on  0x000032a8       0x2e ./HAL/LED/led.o
                0x000032a8                HLed_on
 .text.HLed_off
                0x000032d6       0x2e ./HAL/LED/led.o
                0x000032d6                HLed_off
 .text.HLed_toggle
                0x00003304       0x2c ./HAL/LED/led.o
                0x00003304                HLed_toggle
 .text.KEYPAD_vidInit_V2
                0x00003330       0xa4 ./HAL/KEYPAD_V2/keypad_src_v2.o
                0x00003330                KEYPAD_vidInit_V2
 .text.KEYPAD_u8GetPressed_V2
                0x000033d4      0x412 ./HAL/KEYPAD_V2/keypad_src_v2.o
                0x000033d4                KEYPAD_u8GetPressed_V2
 .text.HUART_enInit
                0x000037e6       0x3c ./HAL/HUART/HUART_Source.o
                0x000037e6                HUART_enInit
 .text.HUART_enSendData
                0x00003822       0x22 ./HAL/HUART/HUART_Source.o
                0x00003822                HUART_enSendData
 .text.HUART_enRecieveData
                0x00003844       0x2a ./HAL/HUART/HUART_Source.o
                0x00003844                HUART_enRecieveData
 .text.HUART_sendSTRING
                0x0000386e       0x20 ./HAL/HUART/HUART_Source.o
                0x0000386e                HUART_sendSTRING
 .text.HUART_ClearScreen
                0x0000388e       0x16 ./HAL/HUART/HUART_Source.o
                0x0000388e                HUART_ClearScreen
 .text.HUART_receiveSTRING
                0x000038a4       0x28 ./HAL/HUART/HUART_Source.o
                0x000038a4                HUART_receiveSTRING
 .text.HTimer_enInit
                0x000038cc       0x28 ./HAL/HTimer/HTimer.o
                0x000038cc                HTimer_enInit
 .text.HTimer_vidDelayMs
                0x000038f4       0x3a ./HAL/HTimer/HTimer.o
                0x000038f4                HTimer_vidDelayMs
 .text.HTimer_enStop
                0x0000392e       0x1a ./HAL/HTimer/HTimer.o
                0x0000392e                HTimer_enStop
 .text.HTimer_enCBF
                0x00003948       0x36 ./HAL/HTimer/HTimer.o
                0x00003948                HTimer_enCBF
 .text.HGPT0_enInit
                0x0000397e       0x2e ./HAL/HTimer/HTimer.o
                0x0000397e                HGPT0_enInit
 .text.HGPT0_vidDelayMs
                0x000039ac       0x32 ./HAL/HTimer/HTimer.o
                0x000039ac                HGPT0_vidDelayMs
 .text.HGPT0_vidStart
                0x000039de       0x12 ./HAL/HTimer/HTimer.o
                0x000039de                HGPT0_vidStart
 .text.HGPT0_vidStop
                0x000039f0       0x12 ./HAL/HTimer/HTimer.o
                0x000039f0                HGPT0_vidStop
 .text.HGPT0_enCBF
                0x00003a02       0x36 ./HAL/HTimer/HTimer.o
                0x00003a02                HGPT0_enCBF
 .text.HSPI_enMasterInit
                0x00003a38       0x52 ./HAL/HSPI/HSPI_Program.o
                0x00003a38                HSPI_enMasterInit
 .text.HSPI_enSlaveInit
                0x00003a8a       0x44 ./HAL/HSPI/HSPI_Program.o
                0x00003a8a                HSPI_enSlaveInit
 .text.HSPI_vidTransmitChar
                0x00003ace       0x2a ./HAL/HSPI/HSPI_Program.o
                0x00003ace                HSPI_vidTransmitChar
 .text.HSPI_enReceiveChar
                0x00003af8       0x32 ./HAL/HSPI/HSPI_Program.o
                0x00003af8                HSPI_enReceiveChar
 .text.HSPI_vidTransmitString
                0x00003b2a       0x56 ./HAL/HSPI/HSPI_Program.o
                0x00003b2a                HSPI_vidTransmitString
 .text.HSPI_enReceiveString
                0x00003b80       0xe0 ./HAL/HSPI/HSPI_Program.o
                0x00003b80                HSPI_enReceiveString
 .text.HLCD_vidInit
                0x00003c60      0x6aa ./HAL/HLCD/HLCD_Source.o
                0x00003c60                HLCD_vidInit
 .text.HLCD_vidWritecmd
                0x0000430a      0x5b2 ./HAL/HLCD/HLCD_Source.o
                0x0000430a                HLCD_vidWritecmd
 .text.HLCD_vidWriteChar
                0x000048bc      0x5b2 ./HAL/HLCD/HLCD_Source.o
                0x000048bc                HLCD_vidWriteChar
 .text.HLCD_ClrDisplay
                0x00004e6e      0x1fa ./HAL/HLCD/HLCD_Source.o
                0x00004e6e                HLCD_ClrDisplay
 .text.HLCD_ShiftLeft
                0x00005068      0x110 ./HAL/HLCD/HLCD_Source.o
                0x00005068                HLCD_ShiftLeft
 .text.HLCD_gotoXY
                0x00005178       0x46 ./HAL/HLCD/HLCD_Source.o
                0x00005178                HLCD_gotoXY
 .text.HLCD_WriteString
                0x000051be       0x62 ./HAL/HLCD/HLCD_Source.o
                0x000051be                HLCD_WriteString
 .text.HLCD_WriteInt
                0x00005220       0x80 ./HAL/HLCD/HLCD_Source.o
                0x00005220                HLCD_WriteInt
 .text.HLCD_WriteArabic
                0x000052a0       0x20 ./HAL/HLCD/HLCD_Source.o
                0x000052a0                HLCD_WriteArabic
 .text.HLCD_backspace_Left
                0x000052c0       0x20 ./HAL/HLCD/HLCD_Source.o
                0x000052c0                HLCD_backspace_Left
 .text.HLCD_backspace_Rigt
                0x000052e0       0x20 ./HAL/HLCD/HLCD_Source.o
                0x000052e0                HLCD_backspace_Rigt
 .text.HLCD_vidCreatCustomChar
                0x00005300      0x156 ./HAL/HLCD/HLCD_Source.o
                0x00005300                HLCD_vidCreatCustomChar
 .text.HExtInt_enInit
                0x00005456       0x48 ./HAL/HExtInt/HExtInt.o
                0x00005456                HExtInt_enInit
 .text.HExtInt_enCBF
                0x0000549e       0x36 ./HAL/HExtInt/HExtInt.o
                0x0000549e                HExtInt_enCBF
 .text.HExtInt_enCBFInt1
                0x000054d4       0x36 ./HAL/HExtInt/HExtInt.o
                0x000054d4                HExtInt_enCBFInt1
 .text.HExtInt_enCBFInt2
                0x0000550a       0x36 ./HAL/HExtInt/HExtInt.o
                0x0000550a                HExtInt_enCBFInt2
 .text.eeprom_init
                0x00005540       0x12 ./HAL/EEPROM/HEEPROM_Program.o
                0x00005540                eeprom_init
 .text.eeprom_write_byte
                0x00005552       0x4c ./HAL/EEPROM/HEEPROM_Program.o
                0x00005552                eeprom_write_byte
 .text.eeprom_read_byte
                0x0000559e       0x56 ./HAL/EEPROM/HEEPROM_Program.o
                0x0000559e                eeprom_read_byte
 .text.eeprom_write_string
                0x000055f4       0x94 ./HAL/EEPROM/HEEPROM_Program.o
                0x000055f4                eeprom_write_string
 .text.eeprom_read_string
                0x00005688       0x92 ./HAL/EEPROM/HEEPROM_Program.o
                0x00005688                eeprom_read_string
 .text.HButton_Init
                0x0000571a       0x38 ./HAL/Button/button.o
                0x0000571a                HButton_Init
 .text.HButton_ExtIntInit
                0x00005752       0x30 ./HAL/Button/button.o
                0x00005752                HButton_ExtIntInit
 .text.HButton_getPinVal
                0x00005782       0x46 ./HAL/Button/button.o
                0x00005782                HButton_getPinVal
 .text.resetFunc
                0x000057c8       0x14 ./APP/app.o
                0x000057c8                resetFunc
 .text.vid_appInit
                0x000057dc       0x42 ./APP/app.o
                0x000057dc                vid_appInit
 .text.vid_appStart
                0x0000581e      0x642 ./APP/app.o
                0x0000581e                vid_appStart
 .text.APP_enterZeroButton
                0x00005e60       0xac ./APP/app.o
                0x00005e60                APP_enterZeroButton
 .text.main     0x00005f0c       0x1a ./main.o
                0x00005f0c                main
 .text.libgcc   0x00005f26       0x3e c:/iti folder/imt_sdk_win_64/winavr/bin/../lib/gcc/avr/4.3.3/avr5\libgcc.a(_mulsi3.o)
                0x00005f26                __mulsi3
 .text.libgcc   0x00005f64       0x26 c:/iti folder/imt_sdk_win_64/winavr/bin/../lib/gcc/avr/4.3.3/avr5\libgcc.a(_divmodhi4.o)
                0x00005f64                __divmodhi4
                0x00005f64                _div
 .text.libgcc   0x00005f8a       0x44 c:/iti folder/imt_sdk_win_64/winavr/bin/../lib/gcc/avr/4.3.3/avr5\libgcc.a(_udivmodsi4.o)
                0x00005f8a                __udivmodsi4
 .text.libgcc   0x00005fce        0x0 c:/iti folder/imt_sdk_win_64/winavr/bin/../lib/gcc/avr/4.3.3/avr5\libgcc.a(_exit.o)
 .text.libgcc   0x00005fce        0x0 c:/iti folder/imt_sdk_win_64/winavr/bin/../lib/gcc/avr/4.3.3/avr5\libgcc.a(_copy_data.o)
 .text.libgcc   0x00005fce        0x0 c:/iti folder/imt_sdk_win_64/winavr/bin/../lib/gcc/avr/4.3.3/avr5\libgcc.a(_clear_bss.o)
 .text.libgcc   0x00005fce       0x28 c:/iti folder/imt_sdk_win_64/winavr/bin/../lib/gcc/avr/4.3.3/avr5\libgcc.a(_udivmodhi4.o)
                0x00005fce                __udivmodhi4
 .text.libgcc   0x00005ff6       0x38 c:/iti folder/imt_sdk_win_64/winavr/bin/../lib/gcc/avr/4.3.3/avr5\libgcc.a(_prologue.o)
                0x00005ff6                __prologue_saves__
 .text.libgcc   0x0000602e       0x36 c:/iti folder/imt_sdk_win_64/winavr/bin/../lib/gcc/avr/4.3.3/avr5\libgcc.a(_epilogue.o)
                0x0000602e                __epilogue_restores__
 .text.avr-libc
                0x00006064       0x12 c:/iti folder/imt_sdk_win_64/winavr/bin/../lib/gcc/avr/4.3.3/../../../../avr/lib/avr5\libc.a(strcmp.o)
                0x00006064                strcmp
 .text.avr-libc
                0x00006076        0xe c:/iti folder/imt_sdk_win_64/winavr/bin/../lib/gcc/avr/4.3.3/../../../../avr/lib/avr5\libc.a(strcpy.o)
                0x00006076                strcpy
 .text.avr-libc
                0x00006084       0x48 c:/iti folder/imt_sdk_win_64/winavr/bin/../lib/gcc/avr/4.3.3/../../../../avr/lib/avr5\libc.a(sprintf.o)
                0x00006084                sprintf
 .text.avr-libc
                0x000060cc      0x3ba c:/iti folder/imt_sdk_win_64/winavr/bin/../lib/gcc/avr/4.3.3/../../../../avr/lib/avr5\libc.a(vfprintf_std.o)
                0x000060cc                vfprintf
 .text.avr-libc
                0x00006486       0x16 c:/iti folder/imt_sdk_win_64/winavr/bin/../lib/gcc/avr/4.3.3/../../../../avr/lib/avr5\libc.a(strnlen_P.o)
                0x00006486                strnlen_P
 .text.avr-libc
                0x0000649c       0x16 c:/iti folder/imt_sdk_win_64/winavr/bin/../lib/gcc/avr/4.3.3/../../../../avr/lib/avr5\libc.a(strnlen.o)
                0x0000649c                strnlen
 .text.avr-libc
                0x000064b2       0x58 c:/iti folder/imt_sdk_win_64/winavr/bin/../lib/gcc/avr/4.3.3/../../../../avr/lib/avr5\libc.a(fputc.o)
                0x000064b2                fputc
 .text.avr-libc
                0x0000650a       0xbc c:/iti folder/imt_sdk_win_64/winavr/bin/../lib/gcc/avr/4.3.3/../../../../avr/lib/avr5\libc.a(ultoa_invert.o)
                0x0000650a                __ultoa_invert
                0x000065c6                . = ALIGN (0x2)
 *(.fini9)
 .fini9         0x000065c6        0x0 c:/iti folder/imt_sdk_win_64/winavr/bin/../lib/gcc/avr/4.3.3/avr5\libgcc.a(_exit.o)
                0x000065c6                exit
                0x000065c6                _exit
 *(.fini9)
 *(.fini8)
 *(.fini8)
 *(.fini7)
 *(.fini7)
 *(.fini6)
 *(.fini6)
 *(.fini5)
 *(.fini5)
 *(.fini4)
 *(.fini4)
 *(.fini3)
 *(.fini3)
 *(.fini2)
 *(.fini2)
 *(.fini1)
 *(.fini1)
 *(.fini0)
 .fini0         0x000065c6        0x4 c:/iti folder/imt_sdk_win_64/winavr/bin/../lib/gcc/avr/4.3.3/avr5\libgcc.a(_exit.o)
 *(.fini0)
                0x000065ca                _etext = .

.data           0x00800060      0x370 load address 0x000065ca
                0x00800060                PROVIDE (__data_start, .)
 *(.data)
 .data          0x00800060        0x0 c:/iti folder/imt_sdk_win_64/winavr/bin/../lib/gcc/avr/4.3.3/../../../../avr/lib/avr5/crtm32.o
 .data          0x00800060        0x0 ./MCAL/pwm/PWM_Source.o
 .data          0x00800060        0x0 ./MCAL/UART/MUART_Config.o
 .data          0x00800060        0x0 ./MCAL/UART/MUART_Source.o
 .data          0x00800060        0x0 ./MCAL/Timer/Timer_Source.o
 .data          0x00800060        0x0 ./MCAL/SPI/SPI_Program.o
 .data          0x00800060        0x0 ./MCAL/IIC/MI2C_Program.o
 .data          0x00800060        0x0 ./MCAL/ExtInt/EXTINT_Source.o
 .data          0x00800060        0x0 ./MCAL/DIO/DIO_Source.o
 .data          0x00800060        0x0 ./HAL/LED/led.o
 .data          0x00800060        0x0 ./HAL/KEYPAD_V2/keypad_cfg_v2.o
 .data          0x00800060        0x0 ./HAL/KEYPAD_V2/keypad_src_v2.o
 .data          0x00800060        0x8 ./HAL/HUART/HUART_Source.o
 .data          0x00800068        0x0 ./HAL/HTimer/HTimer.o
 .data          0x00800068        0x0 ./HAL/HSPI/HSPI_Program.o
 .data          0x00800068        0x0 ./HAL/HLCD/HLCD_Configure.o
 .data          0x00800068        0x4 ./HAL/HLCD/HLCD_Source.o
 .data          0x0080006c        0x0 ./HAL/HExtInt/HExtInt.o
 .data          0x0080006c        0x0 ./HAL/EEPROM/HEEPROM_Program.o
 .data          0x0080006c        0x0 ./HAL/Button/button.o
 .data          0x0080006c       0x99 ./APP/app.o
 .data          0x00800105        0x0 ./main.o
 .data          0x00800105        0x0 c:/iti folder/imt_sdk_win_64/winavr/bin/../lib/gcc/avr/4.3.3/avr5\libgcc.a(_mulsi3.o)
 .data          0x00800105        0x0 c:/iti folder/imt_sdk_win_64/winavr/bin/../lib/gcc/avr/4.3.3/avr5\libgcc.a(_divmodhi4.o)
 .data          0x00800105        0x0 c:/iti folder/imt_sdk_win_64/winavr/bin/../lib/gcc/avr/4.3.3/avr5\libgcc.a(_udivmodsi4.o)
 .data          0x00800105        0x0 c:/iti folder/imt_sdk_win_64/winavr/bin/../lib/gcc/avr/4.3.3/avr5\libgcc.a(_exit.o)
 .data          0x00800105        0x0 c:/iti folder/imt_sdk_win_64/winavr/bin/../lib/gcc/avr/4.3.3/avr5\libgcc.a(_copy_data.o)
 .data          0x00800105        0x0 c:/iti folder/imt_sdk_win_64/winavr/bin/../lib/gcc/avr/4.3.3/avr5\libgcc.a(_clear_bss.o)
 .data          0x00800105        0x0 c:/iti folder/imt_sdk_win_64/winavr/bin/../lib/gcc/avr/4.3.3/avr5\libgcc.a(_fixunssfsi.o)
 .data          0x00800105        0x0 c:/iti folder/imt_sdk_win_64/winavr/bin/../lib/gcc/avr/4.3.3/avr5\libgcc.a(_addsub_sf.o)
 .data          0x00800105        0x0 c:/iti folder/imt_sdk_win_64/winavr/bin/../lib/gcc/avr/4.3.3/avr5\libgcc.a(_mul_sf.o)
 .data          0x00800105        0x0 c:/iti folder/imt_sdk_win_64/winavr/bin/../lib/gcc/avr/4.3.3/avr5\libgcc.a(_div_sf.o)
 .data          0x00800105        0x0 c:/iti folder/imt_sdk_win_64/winavr/bin/../lib/gcc/avr/4.3.3/avr5\libgcc.a(_gt_sf.o)
 .data          0x00800105        0x0 c:/iti folder/imt_sdk_win_64/winavr/bin/../lib/gcc/avr/4.3.3/avr5\libgcc.a(_ge_sf.o)
 .data          0x00800105        0x0 c:/iti folder/imt_sdk_win_64/winavr/bin/../lib/gcc/avr/4.3.3/avr5\libgcc.a(_lt_sf.o)
 .data          0x00800105        0x0 c:/iti folder/imt_sdk_win_64/winavr/bin/../lib/gcc/avr/4.3.3/avr5\libgcc.a(_sf_to_si.o)
 .data          0x00800105        0x8 c:/iti folder/imt_sdk_win_64/winavr/bin/../lib/gcc/avr/4.3.3/avr5\libgcc.a(_thenan_sf.o)
                0x00800105                __thenan_sf
 .data          0x0080010d        0x0 c:/iti folder/imt_sdk_win_64/winavr/bin/../lib/gcc/avr/4.3.3/avr5\libgcc.a(_usi_to_sf.o)
 .data          0x0080010d        0x0 c:/iti folder/imt_sdk_win_64/winavr/bin/../lib/gcc/avr/4.3.3/avr5\libgcc.a(_udivmodhi4.o)
 .data          0x0080010d        0x0 c:/iti folder/imt_sdk_win_64/winavr/bin/../lib/gcc/avr/4.3.3/avr5\libgcc.a(_prologue.o)
 .data          0x0080010d        0x0 c:/iti folder/imt_sdk_win_64/winavr/bin/../lib/gcc/avr/4.3.3/avr5\libgcc.a(_epilogue.o)
 .data          0x0080010d        0x0 c:/iti folder/imt_sdk_win_64/winavr/bin/../lib/gcc/avr/4.3.3/avr5\libgcc.a(_clzsi2.o)
 .data          0x0080010d        0x0 c:/iti folder/imt_sdk_win_64/winavr/bin/../lib/gcc/avr/4.3.3/avr5\libgcc.a(_pack_sf.o)
 .data          0x0080010d        0x0 c:/iti folder/imt_sdk_win_64/winavr/bin/../lib/gcc/avr/4.3.3/avr5\libgcc.a(_unpack_sf.o)
 .data          0x0080010d        0x0 c:/iti folder/imt_sdk_win_64/winavr/bin/../lib/gcc/avr/4.3.3/avr5\libgcc.a(_fpcmp_parts_sf.o)
 .data          0x0080010d      0x100 c:/iti folder/imt_sdk_win_64/winavr/bin/../lib/gcc/avr/4.3.3/avr5\libgcc.a(_clz.o)
                0x0080010d                __clz_tab
 .data          0x0080020d        0x0 c:/iti folder/imt_sdk_win_64/winavr/bin/../lib/gcc/avr/4.3.3/../../../../avr/lib/avr5\libc.a(strcmp.o)
 .data          0x0080020d        0x0 c:/iti folder/imt_sdk_win_64/winavr/bin/../lib/gcc/avr/4.3.3/../../../../avr/lib/avr5\libc.a(strcpy.o)
 .data          0x0080020d        0x0 c:/iti folder/imt_sdk_win_64/winavr/bin/../lib/gcc/avr/4.3.3/../../../../avr/lib/avr5\libc.a(sprintf.o)
 .data          0x0080020d        0x0 c:/iti folder/imt_sdk_win_64/winavr/bin/../lib/gcc/avr/4.3.3/../../../../avr/lib/avr5\libc.a(vfprintf_std.o)
 .data          0x0080020d        0x0 c:/iti folder/imt_sdk_win_64/winavr/bin/../lib/gcc/avr/4.3.3/../../../../avr/lib/avr5\libc.a(strnlen_P.o)
 .data          0x0080020d        0x0 c:/iti folder/imt_sdk_win_64/winavr/bin/../lib/gcc/avr/4.3.3/../../../../avr/lib/avr5\libc.a(strnlen.o)
 .data          0x0080020d        0x0 c:/iti folder/imt_sdk_win_64/winavr/bin/../lib/gcc/avr/4.3.3/../../../../avr/lib/avr5\libc.a(fputc.o)
 .data          0x0080020d        0x0 c:/iti folder/imt_sdk_win_64/winavr/bin/../lib/gcc/avr/4.3.3/../../../../avr/lib/avr5\libc.a(ultoa_invert.o)
 *(.data*)
 .data.uartInfo
                0x0080020d        0x2 ./MCAL/UART/MUART_Config.o
                0x0080020d                uartInfo
 .data.global_ovf
                0x0080020f        0x1 ./MCAL/Timer/Timer_Source.o
 .data.prescaller_map
                0x00800210       0x10 ./MCAL/Timer/Timer_Source.o
 .data.gs_gpt0_prescaller_map
                0x00800220        0xc ./MCAL/Timer/Timer_Source.o
 .data.portReg  0x0080022c        0x8 ./MCAL/DIO/DIO_Source.o
                0x0080022c                portReg
 .data.ddrReg   0x00800234        0x8 ./MCAL/DIO/DIO_Source.o
                0x00800234                ddrReg
 .data.pinReg   0x0080023c        0x8 ./MCAL/DIO/DIO_Source.o
                0x0080023c                pinReg
 .data.KEYPAD_au8KeyValV2
                0x00800244        0x9 ./HAL/KEYPAD_V2/keypad_cfg_v2.o
                0x00800244                KEYPAD_au8KeyValV2
 .data.KEYPAD_strColPins
                0x0080024d        0x3 ./HAL/KEYPAD_V2/keypad_cfg_v2.o
                0x0080024d                KEYPAD_strColPins
 .data.KEYPAD_strRowPins
                0x00800250        0x3 ./HAL/KEYPAD_V2/keypad_cfg_v2.o
                0x00800250                KEYPAD_strRowPins
 .data.g_en_master_slave_sel
                0x00800253        0x1 ./HAL/HSPI/HSPI_Program.o
                0x00800253                g_en_master_slave_sel
 .data.dataPin  0x00800254        0x4 ./HAL/HLCD/HLCD_Configure.o
                0x00800254                dataPin
 .data.st_database
                0x00800258      0x177 ./APP/app.o
                0x00800258                st_database
 .data.gs_u8_is_transaction_complete
                0x008003cf        0x1 ./APP/app.o
 *(.rodata)
 *(.rodata*)
 *(.gnu.linkonce.d*)
                0x008003d0                . = ALIGN (0x2)
                0x008003d0                _edata = .
                0x008003d0                PROVIDE (__data_end, .)

.bss            0x008003d0      0x290
                0x008003d0                PROVIDE (__bss_start, .)
 *(.bss)
 .bss           0x008003d0        0x0 c:/iti folder/imt_sdk_win_64/winavr/bin/../lib/gcc/avr/4.3.3/../../../../avr/lib/avr5/crtm32.o
 .bss           0x008003d0        0x0 ./MCAL/pwm/PWM_Source.o
 .bss           0x008003d0        0x0 ./MCAL/UART/MUART_Config.o
 .bss           0x008003d0        0x0 ./MCAL/UART/MUART_Source.o
 .bss           0x008003d0        0x0 ./MCAL/Timer/Timer_Source.o
 .bss           0x008003d0        0x0 ./MCAL/SPI/SPI_Program.o
 .bss           0x008003d0        0x0 ./MCAL/IIC/MI2C_Program.o
 .bss           0x008003d0        0x0 ./MCAL/ExtInt/EXTINT_Source.o
 .bss           0x008003d0        0x0 ./MCAL/DIO/DIO_Source.o
 .bss           0x008003d0        0x0 ./HAL/LED/led.o
 .bss           0x008003d0        0x0 ./HAL/KEYPAD_V2/keypad_cfg_v2.o
 .bss           0x008003d0        0x0 ./HAL/KEYPAD_V2/keypad_src_v2.o
 .bss           0x008003d0        0x0 ./HAL/HUART/HUART_Source.o
 .bss           0x008003d0        0x0 ./HAL/HTimer/HTimer.o
 .bss           0x008003d0        0x0 ./HAL/HSPI/HSPI_Program.o
 .bss           0x008003d0        0x0 ./HAL/HLCD/HLCD_Configure.o
 .bss           0x008003d0        0x0 ./HAL/HLCD/HLCD_Source.o
 .bss           0x008003d0        0x0 ./HAL/HExtInt/HExtInt.o
 .bss           0x008003d0        0x0 ./HAL/EEPROM/HEEPROM_Program.o
 .bss           0x008003d0        0x0 ./HAL/Button/button.o
 .bss           0x008003d0        0x0 ./APP/app.o
 .bss           0x008003d0        0x0 ./main.o
 .bss           0x008003d0        0x0 c:/iti folder/imt_sdk_win_64/winavr/bin/../lib/gcc/avr/4.3.3/avr5\libgcc.a(_mulsi3.o)
 .bss           0x008003d0        0x0 c:/iti folder/imt_sdk_win_64/winavr/bin/../lib/gcc/avr/4.3.3/avr5\libgcc.a(_divmodhi4.o)
 .bss           0x008003d0        0x0 c:/iti folder/imt_sdk_win_64/winavr/bin/../lib/gcc/avr/4.3.3/avr5\libgcc.a(_udivmodsi4.o)
 .bss           0x008003d0        0x0 c:/iti folder/imt_sdk_win_64/winavr/bin/../lib/gcc/avr/4.3.3/avr5\libgcc.a(_exit.o)
 .bss           0x008003d0        0x0 c:/iti folder/imt_sdk_win_64/winavr/bin/../lib/gcc/avr/4.3.3/avr5\libgcc.a(_copy_data.o)
 .bss           0x008003d0        0x0 c:/iti folder/imt_sdk_win_64/winavr/bin/../lib/gcc/avr/4.3.3/avr5\libgcc.a(_clear_bss.o)
 .bss           0x008003d0        0x0 c:/iti folder/imt_sdk_win_64/winavr/bin/../lib/gcc/avr/4.3.3/avr5\libgcc.a(_fixunssfsi.o)
 .bss           0x008003d0        0x0 c:/iti folder/imt_sdk_win_64/winavr/bin/../lib/gcc/avr/4.3.3/avr5\libgcc.a(_addsub_sf.o)
 .bss           0x008003d0        0x0 c:/iti folder/imt_sdk_win_64/winavr/bin/../lib/gcc/avr/4.3.3/avr5\libgcc.a(_mul_sf.o)
 .bss           0x008003d0        0x0 c:/iti folder/imt_sdk_win_64/winavr/bin/../lib/gcc/avr/4.3.3/avr5\libgcc.a(_div_sf.o)
 .bss           0x008003d0        0x0 c:/iti folder/imt_sdk_win_64/winavr/bin/../lib/gcc/avr/4.3.3/avr5\libgcc.a(_gt_sf.o)
 .bss           0x008003d0        0x0 c:/iti folder/imt_sdk_win_64/winavr/bin/../lib/gcc/avr/4.3.3/avr5\libgcc.a(_ge_sf.o)
 .bss           0x008003d0        0x0 c:/iti folder/imt_sdk_win_64/winavr/bin/../lib/gcc/avr/4.3.3/avr5\libgcc.a(_lt_sf.o)
 .bss           0x008003d0        0x0 c:/iti folder/imt_sdk_win_64/winavr/bin/../lib/gcc/avr/4.3.3/avr5\libgcc.a(_sf_to_si.o)
 .bss           0x008003d0        0x0 c:/iti folder/imt_sdk_win_64/winavr/bin/../lib/gcc/avr/4.3.3/avr5\libgcc.a(_thenan_sf.o)
 .bss           0x008003d0        0x0 c:/iti folder/imt_sdk_win_64/winavr/bin/../lib/gcc/avr/4.3.3/avr5\libgcc.a(_usi_to_sf.o)
 .bss           0x008003d0        0x0 c:/iti folder/imt_sdk_win_64/winavr/bin/../lib/gcc/avr/4.3.3/avr5\libgcc.a(_udivmodhi4.o)
 .bss           0x008003d0        0x0 c:/iti folder/imt_sdk_win_64/winavr/bin/../lib/gcc/avr/4.3.3/avr5\libgcc.a(_prologue.o)
 .bss           0x008003d0        0x0 c:/iti folder/imt_sdk_win_64/winavr/bin/../lib/gcc/avr/4.3.3/avr5\libgcc.a(_epilogue.o)
 .bss           0x008003d0        0x0 c:/iti folder/imt_sdk_win_64/winavr/bin/../lib/gcc/avr/4.3.3/avr5\libgcc.a(_clzsi2.o)
 .bss           0x008003d0        0x0 c:/iti folder/imt_sdk_win_64/winavr/bin/../lib/gcc/avr/4.3.3/avr5\libgcc.a(_pack_sf.o)
 .bss           0x008003d0        0x0 c:/iti folder/imt_sdk_win_64/winavr/bin/../lib/gcc/avr/4.3.3/avr5\libgcc.a(_unpack_sf.o)
 .bss           0x008003d0        0x0 c:/iti folder/imt_sdk_win_64/winavr/bin/../lib/gcc/avr/4.3.3/avr5\libgcc.a(_fpcmp_parts_sf.o)
 .bss           0x008003d0        0x0 c:/iti folder/imt_sdk_win_64/winavr/bin/../lib/gcc/avr/4.3.3/avr5\libgcc.a(_clz.o)
 .bss           0x008003d0        0x0 c:/iti folder/imt_sdk_win_64/winavr/bin/../lib/gcc/avr/4.3.3/../../../../avr/lib/avr5\libc.a(strcmp.o)
 .bss           0x008003d0        0x0 c:/iti folder/imt_sdk_win_64/winavr/bin/../lib/gcc/avr/4.3.3/../../../../avr/lib/avr5\libc.a(strcpy.o)
 .bss           0x008003d0        0x0 c:/iti folder/imt_sdk_win_64/winavr/bin/../lib/gcc/avr/4.3.3/../../../../avr/lib/avr5\libc.a(sprintf.o)
 .bss           0x008003d0        0x0 c:/iti folder/imt_sdk_win_64/winavr/bin/../lib/gcc/avr/4.3.3/../../../../avr/lib/avr5\libc.a(vfprintf_std.o)
 .bss           0x008003d0        0x0 c:/iti folder/imt_sdk_win_64/winavr/bin/../lib/gcc/avr/4.3.3/../../../../avr/lib/avr5\libc.a(strnlen_P.o)
 .bss           0x008003d0        0x0 c:/iti folder/imt_sdk_win_64/winavr/bin/../lib/gcc/avr/4.3.3/../../../../avr/lib/avr5\libc.a(strnlen.o)
 .bss           0x008003d0        0x0 c:/iti folder/imt_sdk_win_64/winavr/bin/../lib/gcc/avr/4.3.3/../../../../avr/lib/avr5\libc.a(fputc.o)
 .bss           0x008003d0        0x0 c:/iti folder/imt_sdk_win_64/winavr/bin/../lib/gcc/avr/4.3.3/../../../../avr/lib/avr5\libc.a(ultoa_invert.o)
 *(.bss*)
 .bss.gl_u8_receive_mode
                0x008003d0        0x1 ./MCAL/UART/MUART_Source.o
                0x008003d0                gl_u8_receive_mode
 .bss.stringIndex
                0x008003d1        0x1 ./MCAL/UART/MUART_Source.o
                0x008003d1                stringIndex
 .bss.stringReceived
                0x008003d2        0x1 ./MCAL/UART/MUART_Source.o
                0x008003d2                stringReceived
 .bss.preload   0x008003d3        0x2 ./MCAL/Timer/Timer_Source.o
 .bss.gs_u16_preload_gpt0
                0x008003d5        0x2 ./MCAL/Timer/Timer_Source.o
 .bss.globalCallFunc
                0x008003d7        0x2 ./MCAL/Timer/Timer_Source.o
 .bss.gs_u8_gpt0_status
                0x008003d9        0x1 ./MCAL/Timer/Timer_Source.o
 .bss.gs_u8_global_ovf
                0x008003da        0x1 ./MCAL/Timer/Timer_Source.o
 .bss.gs_pfun_cbf
                0x008003db        0x2 ./MCAL/Timer/Timer_Source.o
 .bss.g_u32_ovf_count
                0x008003dd        0x4 ./MCAL/Timer/Timer_Source.o
                0x008003dd                g_u32_ovf_count
 .bss.counter.1638
                0x008003e1        0x1 ./MCAL/Timer/Timer_Source.o
 .bss.counter.1654
                0x008003e2        0x1 ./MCAL/Timer/Timer_Source.o
 .bss.global_prescaller
                0x008003e3        0x1 ./MCAL/Timer/Timer_Source.o
 .bss.global_timerStatus
                0x008003e4        0x1 ./MCAL/Timer/Timer_Source.o
 .bss.gs_enu_gpt0_prescaller
                0x008003e5        0x1 ./MCAL/Timer/Timer_Source.o
 .bss.g_u8_stringComplete
                0x008003e6        0x1 ./MCAL/SPI/SPI_Program.o
                0x008003e6                g_u8_stringComplete
 .bss.g_u8_stringIndex
                0x008003e7        0x1 ./MCAL/SPI/SPI_Program.o
                0x008003e7                g_u8_stringIndex
 .bss.g_u8_structBufferIndex
                0x008003e8        0x1 ./MCAL/SPI/SPI_Program.o
                0x008003e8                g_u8_structBufferIndex
 .bss.g_u8_counter
                0x008003e9        0x1 ./MCAL/SPI/SPI_Program.o
                0x008003e9                g_u8_counter
 .bss.callBack  0x008003ea        0x2 ./MCAL/ExtInt/EXTINT_Source.o
                0x008003ea                callBack
 .bss.callBackFunc
                0x008003ec        0x2 ./MCAL/ExtInt/EXTINT_Source.o
                0x008003ec                callBackFunc
 .bss.gs_pfunc_cbf_int2
                0x008003ee        0x2 ./MCAL/ExtInt/EXTINT_Source.o
 .bss.cbf       0x008003f0        0x2 ./HAL/HExtInt/HExtInt.o
                0x008003f0                cbf
 .bss.gl_reset_is_set
                0x008003f2        0x1 ./APP/app.o
                0x008003f2                gl_reset_is_set
 .bss.g_u8_key  0x008003f3        0x1 ./APP/app.o
                0x008003f3                g_u8_key
 .bss.g_u8_z_e_val
                0x008003f4        0x1 ./APP/app.o
                0x008003f4                g_u8_z_e_val
 .bss.g_u8_is_PAN_exist
                0x008003f5        0x1 ./APP/app.o
 .bss.gs_u8_interrupt_counting
                0x008003f6        0x1 ./APP/app.o
 .bss.g_u8_database_index
                0x008003f7        0x1 ./APP/app.o
 *(COMMON)
 COMMON         0x008003f8        0x1 ./MCAL/pwm/PWM_Source.o
                0x008003f8                gen_PwmMode
 COMMON         0x008003f9       0x40 ./MCAL/UART/MUART_Source.o
                0x008003f9                receivedString
 COMMON         0x00800439      0x227 ./MCAL/SPI/SPI_Program.o
                0x00800439                st_dataBuffer
                0x0080062d                g_u8_receivedString
                0x0080065f                g_dataVal
                0x00800660                PROVIDE (__bss_end, .)
                0x000065ca                __data_load_start = LOADADDR (.data)
                0x0000693a                __data_load_end = (__data_load_start + SIZEOF (.data))

.noinit         0x00800660        0x0
                0x00800660                PROVIDE (__noinit_start, .)
 *(.noinit*)
                0x00800660                PROVIDE (__noinit_end, .)
                0x00800660                _end = .
                0x00800660                PROVIDE (__heap_start, .)

.eeprom         0x00810000        0x0
 *(.eeprom*)
                0x00810000                __eeprom_end = .

.fuse
 *(.fuse)
 *(.lfuse)
 *(.hfuse)
 *(.efuse)

.lock
 *(.lock*)

.signature
 *(.signature*)

.stab           0x00000000     0x8a30
 *(.stab)
 .stab          0x00000000      0x8f4 ./MCAL/pwm/PWM_Source.o
 .stab          0x000008f4      0x138 ./MCAL/UART/MUART_Config.o
                                0x144 (size before relaxing)
 .stab          0x00000a2c      0x834 ./MCAL/UART/MUART_Source.o
                                0x888 (size before relaxing)
 .stab          0x00001260      0xd80 ./MCAL/Timer/Timer_Source.o
                                0xf48 (size before relaxing)
 .stab          0x00001fe0      0x708 ./MCAL/SPI/SPI_Program.o
                                0x8d0 (size before relaxing)
 .stab          0x000026e8      0x624 ./MCAL/IIC/MI2C_Program.o
                                0x630 (size before relaxing)
 .stab          0x00002d0c      0x5d0 ./MCAL/ExtInt/EXTINT_Source.o
                                0x798 (size before relaxing)
 .stab          0x000032dc      0x768 ./MCAL/DIO/DIO_Source.o
                                0x774 (size before relaxing)
 .stab          0x00003a44      0x450 ./HAL/LED/led.o
                                0x45c (size before relaxing)
 .stab          0x00003e94      0x228 ./HAL/KEYPAD_V2/keypad_cfg_v2.o
                                0x234 (size before relaxing)
 .stab          0x000040bc      0x594 ./HAL/KEYPAD_V2/keypad_src_v2.o
                                0x828 (size before relaxing)
 .stab          0x00004650      0x45c ./HAL/HUART/HUART_Source.o
                                0x468 (size before relaxing)
 .stab          0x00004aac      0x5dc ./HAL/HTimer/HTimer.o
                                0x5e8 (size before relaxing)
 .stab          0x00005088      0x60c ./HAL/HSPI/HSPI_Program.o
                                0x618 (size before relaxing)
 .stab          0x00005694      0x210 ./HAL/HLCD/HLCD_Configure.o
                                0x21c (size before relaxing)
 .stab          0x000058a4     0x1638 ./HAL/HLCD/HLCD_Source.o
                               0x18d8 (size before relaxing)
 .stab          0x00006edc      0x4d4 ./HAL/HExtInt/HExtInt.o
                                0x4e0 (size before relaxing)
 .stab          0x000073b0      0x558 ./HAL/EEPROM/HEEPROM_Program.o
                                0x564 (size before relaxing)
 .stab          0x00007908      0x3d8 ./HAL/Button/button.o
                                0x3e4 (size before relaxing)
 .stab          0x00007ce0      0xc30 ./APP/app.o
                                0xe1c (size before relaxing)
 .stab          0x00008910      0x120 ./main.o
                                0x12c (size before relaxing)

.stabstr        0x00000000     0x59cf
 *(.stabstr)
 .stabstr       0x00000000     0x59cf ./MCAL/pwm/PWM_Source.o

.stab.excl
 *(.stab.excl)

.stab.exclstr
 *(.stab.exclstr)

.stab.index
 *(.stab.index)

.stab.indexstr
 *(.stab.indexstr)

.comment
 *(.comment)

.debug
 *(.debug)

.line
 *(.line)

.debug_srcinfo
 *(.debug_srcinfo)

.debug_sfnames
 *(.debug_sfnames)

.debug_aranges  0x00000000      0x1a0
 *(.debug_aranges)
 .debug_aranges
                0x00000000       0x20 c:/iti folder/imt_sdk_win_64/winavr/bin/../lib/gcc/avr/4.3.3/avr5\libgcc.a(_fixunssfsi.o)
 .debug_aranges
                0x00000020       0x20 c:/iti folder/imt_sdk_win_64/winavr/bin/../lib/gcc/avr/4.3.3/avr5\libgcc.a(_addsub_sf.o)
 .debug_aranges
                0x00000040       0x20 c:/iti folder/imt_sdk_win_64/winavr/bin/../lib/gcc/avr/4.3.3/avr5\libgcc.a(_mul_sf.o)
 .debug_aranges
                0x00000060       0x20 c:/iti folder/imt_sdk_win_64/winavr/bin/../lib/gcc/avr/4.3.3/avr5\libgcc.a(_div_sf.o)
 .debug_aranges
                0x00000080       0x20 c:/iti folder/imt_sdk_win_64/winavr/bin/../lib/gcc/avr/4.3.3/avr5\libgcc.a(_gt_sf.o)
 .debug_aranges
                0x000000a0       0x20 c:/iti folder/imt_sdk_win_64/winavr/bin/../lib/gcc/avr/4.3.3/avr5\libgcc.a(_ge_sf.o)
 .debug_aranges
                0x000000c0       0x20 c:/iti folder/imt_sdk_win_64/winavr/bin/../lib/gcc/avr/4.3.3/avr5\libgcc.a(_lt_sf.o)
 .debug_aranges
                0x000000e0       0x20 c:/iti folder/imt_sdk_win_64/winavr/bin/../lib/gcc/avr/4.3.3/avr5\libgcc.a(_sf_to_si.o)
 .debug_aranges
                0x00000100       0x20 c:/iti folder/imt_sdk_win_64/winavr/bin/../lib/gcc/avr/4.3.3/avr5\libgcc.a(_usi_to_sf.o)
 .debug_aranges
                0x00000120       0x20 c:/iti folder/imt_sdk_win_64/winavr/bin/../lib/gcc/avr/4.3.3/avr5\libgcc.a(_clzsi2.o)
 .debug_aranges
                0x00000140       0x20 c:/iti folder/imt_sdk_win_64/winavr/bin/../lib/gcc/avr/4.3.3/avr5\libgcc.a(_pack_sf.o)
 .debug_aranges
                0x00000160       0x20 c:/iti folder/imt_sdk_win_64/winavr/bin/../lib/gcc/avr/4.3.3/avr5\libgcc.a(_unpack_sf.o)
 .debug_aranges
                0x00000180       0x20 c:/iti folder/imt_sdk_win_64/winavr/bin/../lib/gcc/avr/4.3.3/avr5\libgcc.a(_fpcmp_parts_sf.o)

.debug_pubnames
                0x00000000      0x1f2
 *(.debug_pubnames)
 .debug_pubnames
                0x00000000       0x23 c:/iti folder/imt_sdk_win_64/winavr/bin/../lib/gcc/avr/4.3.3/avr5\libgcc.a(_fixunssfsi.o)
 .debug_pubnames
                0x00000023       0x2c c:/iti folder/imt_sdk_win_64/winavr/bin/../lib/gcc/avr/4.3.3/avr5\libgcc.a(_addsub_sf.o)
 .debug_pubnames
                0x0000004f       0x1f c:/iti folder/imt_sdk_win_64/winavr/bin/../lib/gcc/avr/4.3.3/avr5\libgcc.a(_mul_sf.o)
 .debug_pubnames
                0x0000006e       0x1f c:/iti folder/imt_sdk_win_64/winavr/bin/../lib/gcc/avr/4.3.3/avr5\libgcc.a(_div_sf.o)
 .debug_pubnames
                0x0000008d       0x1e c:/iti folder/imt_sdk_win_64/winavr/bin/../lib/gcc/avr/4.3.3/avr5\libgcc.a(_gt_sf.o)
 .debug_pubnames
                0x000000ab       0x1e c:/iti folder/imt_sdk_win_64/winavr/bin/../lib/gcc/avr/4.3.3/avr5\libgcc.a(_ge_sf.o)
 .debug_pubnames
                0x000000c9       0x1e c:/iti folder/imt_sdk_win_64/winavr/bin/../lib/gcc/avr/4.3.3/avr5\libgcc.a(_lt_sf.o)
 .debug_pubnames
                0x000000e7       0x20 c:/iti folder/imt_sdk_win_64/winavr/bin/../lib/gcc/avr/4.3.3/avr5\libgcc.a(_sf_to_si.o)
 .debug_pubnames
                0x00000107       0x22 c:/iti folder/imt_sdk_win_64/winavr/bin/../lib/gcc/avr/4.3.3/avr5\libgcc.a(_thenan_sf.o)
 .debug_pubnames
                0x00000129       0x24 c:/iti folder/imt_sdk_win_64/winavr/bin/../lib/gcc/avr/4.3.3/avr5\libgcc.a(_usi_to_sf.o)
 .debug_pubnames
                0x0000014d       0x1f c:/iti folder/imt_sdk_win_64/winavr/bin/../lib/gcc/avr/4.3.3/avr5\libgcc.a(_clzsi2.o)
 .debug_pubnames
                0x0000016c       0x1f c:/iti folder/imt_sdk_win_64/winavr/bin/../lib/gcc/avr/4.3.3/avr5\libgcc.a(_pack_sf.o)
 .debug_pubnames
                0x0000018b       0x21 c:/iti folder/imt_sdk_win_64/winavr/bin/../lib/gcc/avr/4.3.3/avr5\libgcc.a(_unpack_sf.o)
 .debug_pubnames
                0x000001ac       0x26 c:/iti folder/imt_sdk_win_64/winavr/bin/../lib/gcc/avr/4.3.3/avr5\libgcc.a(_fpcmp_parts_sf.o)
 .debug_pubnames
                0x000001d2       0x20 c:/iti folder/imt_sdk_win_64/winavr/bin/../lib/gcc/avr/4.3.3/avr5\libgcc.a(_clz.o)

.debug_info     0x00000000     0x240b
 *(.debug_info)
 .debug_info    0x00000000       0xb1 c:/iti folder/imt_sdk_win_64/winavr/bin/../lib/gcc/avr/4.3.3/avr5\libgcc.a(_fixunssfsi.o)
 .debug_info    0x000000b1      0x47a c:/iti folder/imt_sdk_win_64/winavr/bin/../lib/gcc/avr/4.3.3/avr5\libgcc.a(_addsub_sf.o)
 .debug_info    0x0000052b      0x485 c:/iti folder/imt_sdk_win_64/winavr/bin/../lib/gcc/avr/4.3.3/avr5\libgcc.a(_mul_sf.o)
 .debug_info    0x000009b0      0x3fc c:/iti folder/imt_sdk_win_64/winavr/bin/../lib/gcc/avr/4.3.3/avr5\libgcc.a(_div_sf.o)
 .debug_info    0x00000dac      0x27f c:/iti folder/imt_sdk_win_64/winavr/bin/../lib/gcc/avr/4.3.3/avr5\libgcc.a(_gt_sf.o)
 .debug_info    0x0000102b      0x27f c:/iti folder/imt_sdk_win_64/winavr/bin/../lib/gcc/avr/4.3.3/avr5\libgcc.a(_ge_sf.o)
 .debug_info    0x000012aa      0x27f c:/iti folder/imt_sdk_win_64/winavr/bin/../lib/gcc/avr/4.3.3/avr5\libgcc.a(_lt_sf.o)
 .debug_info    0x00001529      0x2b0 c:/iti folder/imt_sdk_win_64/winavr/bin/../lib/gcc/avr/4.3.3/avr5\libgcc.a(_sf_to_si.o)
 .debug_info    0x000017d9      0x12c c:/iti folder/imt_sdk_win_64/winavr/bin/../lib/gcc/avr/4.3.3/avr5\libgcc.a(_thenan_sf.o)
 .debug_info    0x00001905      0x206 c:/iti folder/imt_sdk_win_64/winavr/bin/../lib/gcc/avr/4.3.3/avr5\libgcc.a(_usi_to_sf.o)
 .debug_info    0x00001b0b      0x117 c:/iti folder/imt_sdk_win_64/winavr/bin/../lib/gcc/avr/4.3.3/avr5\libgcc.a(_clzsi2.o)
 .debug_info    0x00001c22      0x2df c:/iti folder/imt_sdk_win_64/winavr/bin/../lib/gcc/avr/4.3.3/avr5\libgcc.a(_pack_sf.o)
 .debug_info    0x00001f01      0x251 c:/iti folder/imt_sdk_win_64/winavr/bin/../lib/gcc/avr/4.3.3/avr5\libgcc.a(_unpack_sf.o)
 .debug_info    0x00002152      0x210 c:/iti folder/imt_sdk_win_64/winavr/bin/../lib/gcc/avr/4.3.3/avr5\libgcc.a(_fpcmp_parts_sf.o)
 .debug_info    0x00002362       0xa9 c:/iti folder/imt_sdk_win_64/winavr/bin/../lib/gcc/avr/4.3.3/avr5\libgcc.a(_clz.o)
 *(.gnu.linkonce.wi.*)

.debug_abbrev   0x00000000     0x1386
 *(.debug_abbrev)
 .debug_abbrev  0x00000000       0x5d c:/iti folder/imt_sdk_win_64/winavr/bin/../lib/gcc/avr/4.3.3/avr5\libgcc.a(_fixunssfsi.o)
 .debug_abbrev  0x0000005d      0x1ea c:/iti folder/imt_sdk_win_64/winavr/bin/../lib/gcc/avr/4.3.3/avr5\libgcc.a(_addsub_sf.o)
 .debug_abbrev  0x00000247      0x21b c:/iti folder/imt_sdk_win_64/winavr/bin/../lib/gcc/avr/4.3.3/avr5\libgcc.a(_mul_sf.o)
 .debug_abbrev  0x00000462      0x216 c:/iti folder/imt_sdk_win_64/winavr/bin/../lib/gcc/avr/4.3.3/avr5\libgcc.a(_div_sf.o)
 .debug_abbrev  0x00000678      0x15a c:/iti folder/imt_sdk_win_64/winavr/bin/../lib/gcc/avr/4.3.3/avr5\libgcc.a(_gt_sf.o)
 .debug_abbrev  0x000007d2      0x15a c:/iti folder/imt_sdk_win_64/winavr/bin/../lib/gcc/avr/4.3.3/avr5\libgcc.a(_ge_sf.o)
 .debug_abbrev  0x0000092c      0x15a c:/iti folder/imt_sdk_win_64/winavr/bin/../lib/gcc/avr/4.3.3/avr5\libgcc.a(_lt_sf.o)
 .debug_abbrev  0x00000a86      0x17f c:/iti folder/imt_sdk_win_64/winavr/bin/../lib/gcc/avr/4.3.3/avr5\libgcc.a(_sf_to_si.o)
 .debug_abbrev  0x00000c05       0xad c:/iti folder/imt_sdk_win_64/winavr/bin/../lib/gcc/avr/4.3.3/avr5\libgcc.a(_thenan_sf.o)
 .debug_abbrev  0x00000cb2      0x157 c:/iti folder/imt_sdk_win_64/winavr/bin/../lib/gcc/avr/4.3.3/avr5\libgcc.a(_usi_to_sf.o)
 .debug_abbrev  0x00000e09       0xc4 c:/iti folder/imt_sdk_win_64/winavr/bin/../lib/gcc/avr/4.3.3/avr5\libgcc.a(_clzsi2.o)
 .debug_abbrev  0x00000ecd      0x1c0 c:/iti folder/imt_sdk_win_64/winavr/bin/../lib/gcc/avr/4.3.3/avr5\libgcc.a(_pack_sf.o)
 .debug_abbrev  0x0000108d      0x154 c:/iti folder/imt_sdk_win_64/winavr/bin/../lib/gcc/avr/4.3.3/avr5\libgcc.a(_unpack_sf.o)
 .debug_abbrev  0x000011e1      0x13b c:/iti folder/imt_sdk_win_64/winavr/bin/../lib/gcc/avr/4.3.3/avr5\libgcc.a(_fpcmp_parts_sf.o)
 .debug_abbrev  0x0000131c       0x6a c:/iti folder/imt_sdk_win_64/winavr/bin/../lib/gcc/avr/4.3.3/avr5\libgcc.a(_clz.o)

.debug_line     0x00000000     0x11d6
 *(.debug_line)
 .debug_line    0x00000000       0xa7 c:/iti folder/imt_sdk_win_64/winavr/bin/../lib/gcc/avr/4.3.3/avr5\libgcc.a(_fixunssfsi.o)
 .debug_line    0x000000a7      0x2af c:/iti folder/imt_sdk_win_64/winavr/bin/../lib/gcc/avr/4.3.3/avr5\libgcc.a(_addsub_sf.o)
 .debug_line    0x00000356      0x239 c:/iti folder/imt_sdk_win_64/winavr/bin/../lib/gcc/avr/4.3.3/avr5\libgcc.a(_mul_sf.o)
 .debug_line    0x0000058f      0x1d5 c:/iti folder/imt_sdk_win_64/winavr/bin/../lib/gcc/avr/4.3.3/avr5\libgcc.a(_div_sf.o)
 .debug_line    0x00000764       0xd3 c:/iti folder/imt_sdk_win_64/winavr/bin/../lib/gcc/avr/4.3.3/avr5\libgcc.a(_gt_sf.o)
 .debug_line    0x00000837       0xd3 c:/iti folder/imt_sdk_win_64/winavr/bin/../lib/gcc/avr/4.3.3/avr5\libgcc.a(_ge_sf.o)
 .debug_line    0x0000090a       0xd3 c:/iti folder/imt_sdk_win_64/winavr/bin/../lib/gcc/avr/4.3.3/avr5\libgcc.a(_lt_sf.o)
 .debug_line    0x000009dd      0x109 c:/iti folder/imt_sdk_win_64/winavr/bin/../lib/gcc/avr/4.3.3/avr5\libgcc.a(_sf_to_si.o)
 .debug_line    0x00000ae6       0x90 c:/iti folder/imt_sdk_win_64/winavr/bin/../lib/gcc/avr/4.3.3/avr5\libgcc.a(_thenan_sf.o)
 .debug_line    0x00000b76      0x133 c:/iti folder/imt_sdk_win_64/winavr/bin/../lib/gcc/avr/4.3.3/avr5\libgcc.a(_usi_to_sf.o)
 .debug_line    0x00000ca9       0xa5 c:/iti folder/imt_sdk_win_64/winavr/bin/../lib/gcc/avr/4.3.3/avr5\libgcc.a(_clzsi2.o)
 .debug_line    0x00000d4e      0x18a c:/iti folder/imt_sdk_win_64/winavr/bin/../lib/gcc/avr/4.3.3/avr5\libgcc.a(_pack_sf.o)
 .debug_line    0x00000ed8      0x14b c:/iti folder/imt_sdk_win_64/winavr/bin/../lib/gcc/avr/4.3.3/avr5\libgcc.a(_unpack_sf.o)
 .debug_line    0x00001023      0x137 c:/iti folder/imt_sdk_win_64/winavr/bin/../lib/gcc/avr/4.3.3/avr5\libgcc.a(_fpcmp_parts_sf.o)
 .debug_line    0x0000115a       0x7c c:/iti folder/imt_sdk_win_64/winavr/bin/../lib/gcc/avr/4.3.3/avr5\libgcc.a(_clz.o)

.debug_frame    0x00000000      0x1c0
 *(.debug_frame)
 .debug_frame   0x00000000       0x20 c:/iti folder/imt_sdk_win_64/winavr/bin/../lib/gcc/avr/4.3.3/avr5\libgcc.a(_fixunssfsi.o)
 .debug_frame   0x00000020       0x40 c:/iti folder/imt_sdk_win_64/winavr/bin/../lib/gcc/avr/4.3.3/avr5\libgcc.a(_addsub_sf.o)
 .debug_frame   0x00000060       0x20 c:/iti folder/imt_sdk_win_64/winavr/bin/../lib/gcc/avr/4.3.3/avr5\libgcc.a(_mul_sf.o)
 .debug_frame   0x00000080       0x20 c:/iti folder/imt_sdk_win_64/winavr/bin/../lib/gcc/avr/4.3.3/avr5\libgcc.a(_div_sf.o)
 .debug_frame   0x000000a0       0x20 c:/iti folder/imt_sdk_win_64/winavr/bin/../lib/gcc/avr/4.3.3/avr5\libgcc.a(_gt_sf.o)
 .debug_frame   0x000000c0       0x20 c:/iti folder/imt_sdk_win_64/winavr/bin/../lib/gcc/avr/4.3.3/avr5\libgcc.a(_ge_sf.o)
 .debug_frame   0x000000e0       0x20 c:/iti folder/imt_sdk_win_64/winavr/bin/../lib/gcc/avr/4.3.3/avr5\libgcc.a(_lt_sf.o)
 .debug_frame   0x00000100       0x20 c:/iti folder/imt_sdk_win_64/winavr/bin/../lib/gcc/avr/4.3.3/avr5\libgcc.a(_sf_to_si.o)
 .debug_frame   0x00000120       0x20 c:/iti folder/imt_sdk_win_64/winavr/bin/../lib/gcc/avr/4.3.3/avr5\libgcc.a(_usi_to_sf.o)
 .debug_frame   0x00000140       0x20 c:/iti folder/imt_sdk_win_64/winavr/bin/../lib/gcc/avr/4.3.3/avr5\libgcc.a(_clzsi2.o)
 .debug_frame   0x00000160       0x20 c:/iti folder/imt_sdk_win_64/winavr/bin/../lib/gcc/avr/4.3.3/avr5\libgcc.a(_pack_sf.o)
 .debug_frame   0x00000180       0x20 c:/iti folder/imt_sdk_win_64/winavr/bin/../lib/gcc/avr/4.3.3/avr5\libgcc.a(_unpack_sf.o)
 .debug_frame   0x000001a0       0x20 c:/iti folder/imt_sdk_win_64/winavr/bin/../lib/gcc/avr/4.3.3/avr5\libgcc.a(_fpcmp_parts_sf.o)

.debug_str      0x00000000      0x2f6
 *(.debug_str)
 .debug_str     0x00000000       0xbf c:/iti folder/imt_sdk_win_64/winavr/bin/../lib/gcc/avr/4.3.3/avr5\libgcc.a(_fixunssfsi.o)
                                 0xfe (size before relaxing)
 .debug_str     0x000000bf      0x14d c:/iti folder/imt_sdk_win_64/winavr/bin/../lib/gcc/avr/4.3.3/avr5\libgcc.a(_addsub_sf.o)
                                0x206 (size before relaxing)
 .debug_str     0x0000020c       0x27 c:/iti folder/imt_sdk_win_64/winavr/bin/../lib/gcc/avr/4.3.3/avr5\libgcc.a(_mul_sf.o)
                                0x1bf (size before relaxing)
 .debug_str     0x00000233       0x35 c:/iti folder/imt_sdk_win_64/winavr/bin/../lib/gcc/avr/4.3.3/avr5\libgcc.a(_div_sf.o)
                                0x1c8 (size before relaxing)
 .debug_str     0x00000268        0x8 c:/iti folder/imt_sdk_win_64/winavr/bin/../lib/gcc/avr/4.3.3/avr5\libgcc.a(_gt_sf.o)
                                0x195 (size before relaxing)
 .debug_str     0x00000270        0x8 c:/iti folder/imt_sdk_win_64/winavr/bin/../lib/gcc/avr/4.3.3/avr5\libgcc.a(_ge_sf.o)
                                0x195 (size before relaxing)
 .debug_str     0x00000278        0x8 c:/iti folder/imt_sdk_win_64/winavr/bin/../lib/gcc/avr/4.3.3/avr5\libgcc.a(_lt_sf.o)
                                0x195 (size before relaxing)
 .debug_str     0x00000280        0xa c:/iti folder/imt_sdk_win_64/winavr/bin/../lib/gcc/avr/4.3.3/avr5\libgcc.a(_sf_to_si.o)
                                0x19e (size before relaxing)
 .debug_str     0x00000000      0x103 c:/iti folder/imt_sdk_win_64/winavr/bin/../lib/gcc/avr/4.3.3/avr5\libgcc.a(_thenan_sf.o)
 .debug_str     0x0000028a       0x21 c:/iti folder/imt_sdk_win_64/winavr/bin/../lib/gcc/avr/4.3.3/avr5\libgcc.a(_usi_to_sf.o)
                                0x177 (size before relaxing)
 .debug_str     0x000002ab       0x20 c:/iti folder/imt_sdk_win_64/winavr/bin/../lib/gcc/avr/4.3.3/avr5\libgcc.a(_clzsi2.o)
                                0x111 (size before relaxing)
 .debug_str     0x000002cb       0x10 c:/iti folder/imt_sdk_win_64/winavr/bin/../lib/gcc/avr/4.3.3/avr5\libgcc.a(_pack_sf.o)
                                0x19d (size before relaxing)
 .debug_str     0x000002db        0xb c:/iti folder/imt_sdk_win_64/winavr/bin/../lib/gcc/avr/4.3.3/avr5\libgcc.a(_unpack_sf.o)
                                0x17f (size before relaxing)
 .debug_str     0x000002e6       0x10 c:/iti folder/imt_sdk_win_64/winavr/bin/../lib/gcc/avr/4.3.3/avr5\libgcc.a(_fpcmp_parts_sf.o)
                                0x163 (size before relaxing)
 .debug_str     0x00000000       0xf4 c:/iti folder/imt_sdk_win_64/winavr/bin/../lib/gcc/avr/4.3.3/avr5\libgcc.a(_clz.o)

.debug_loc      0x00000000      0x96e
 *(.debug_loc)
 .debug_loc     0x00000000       0x34 c:/iti folder/imt_sdk_win_64/winavr/bin/../lib/gcc/avr/4.3.3/avr5\libgcc.a(_fixunssfsi.o)
 .debug_loc     0x00000034      0x32a c:/iti folder/imt_sdk_win_64/winavr/bin/../lib/gcc/avr/4.3.3/avr5\libgcc.a(_addsub_sf.o)
 .debug_loc     0x0000035e      0x104 c:/iti folder/imt_sdk_win_64/winavr/bin/../lib/gcc/avr/4.3.3/avr5\libgcc.a(_mul_sf.o)
 .debug_loc     0x00000462       0xc0 c:/iti folder/imt_sdk_win_64/winavr/bin/../lib/gcc/avr/4.3.3/avr5\libgcc.a(_div_sf.o)
 .debug_loc     0x00000522       0x3c c:/iti folder/imt_sdk_win_64/winavr/bin/../lib/gcc/avr/4.3.3/avr5\libgcc.a(_gt_sf.o)
 .debug_loc     0x0000055e       0x3c c:/iti folder/imt_sdk_win_64/winavr/bin/../lib/gcc/avr/4.3.3/avr5\libgcc.a(_ge_sf.o)
 .debug_loc     0x0000059a       0x3c c:/iti folder/imt_sdk_win_64/winavr/bin/../lib/gcc/avr/4.3.3/avr5\libgcc.a(_lt_sf.o)
 .debug_loc     0x000005d6       0x7e c:/iti folder/imt_sdk_win_64/winavr/bin/../lib/gcc/avr/4.3.3/avr5\libgcc.a(_sf_to_si.o)
 .debug_loc     0x00000654       0x4c c:/iti folder/imt_sdk_win_64/winavr/bin/../lib/gcc/avr/4.3.3/avr5\libgcc.a(_usi_to_sf.o)
 .debug_loc     0x000006a0       0x94 c:/iti folder/imt_sdk_win_64/winavr/bin/../lib/gcc/avr/4.3.3/avr5\libgcc.a(_clzsi2.o)
 .debug_loc     0x00000734      0x13e c:/iti folder/imt_sdk_win_64/winavr/bin/../lib/gcc/avr/4.3.3/avr5\libgcc.a(_pack_sf.o)
 .debug_loc     0x00000872       0xac c:/iti folder/imt_sdk_win_64/winavr/bin/../lib/gcc/avr/4.3.3/avr5\libgcc.a(_unpack_sf.o)
 .debug_loc     0x0000091e       0x50 c:/iti folder/imt_sdk_win_64/winavr/bin/../lib/gcc/avr/4.3.3/avr5\libgcc.a(_fpcmp_parts_sf.o)

.debug_macinfo
 *(.debug_macinfo)
OUTPUT(ATM_MCU.elf elf32-avr)
LOAD linker stubs

.debug_ranges   0x00000000       0x50
 .debug_ranges  0x00000000       0x50 c:/iti folder/imt_sdk_win_64/winavr/bin/../lib/gcc/avr/4.3.3/avr5\libgcc.a(_mul_sf.o)
